<html>
<body>
<pre>
<h1>礦ision Build Log</h1>
<h2>Project:</h2>
F:\飞行器\4轴程序byUs(new)\AirPilot 2013.7.23 诞生记\AirPilot.uvproj
Project File Date:  07/23/2013

<h2>Output:</h2>
Rebuild target 'Target 1'
compiling main.c...
User\main.c(37): warning:  #177-D: variable "i" was declared but never referenced
User\main.c(37): warning:  #177-D: variable "j" was declared but never referenced
User\main.c(37): warning:  #177-D: variable "k" was declared but never referenced
compiling stm32f4xx_it.c...
compiling misc.c...
compiling stm32f4xx_adc.c...
compiling stm32f4xx_can.c...
compiling stm32f4xx_crc.c...
compiling stm32f4xx_cryp.c...
compiling stm32f4xx_cryp_aes.c...
compiling stm32f4xx_cryp_des.c...
compiling stm32f4xx_cryp_tdes.c...
compiling stm32f4xx_dac.c...
compiling stm32f4xx_dbgmcu.c...
compiling stm32f4xx_dcmi.c...
compiling stm32f4xx_dma.c...
compiling stm32f4xx_exti.c...
compiling stm32f4xx_flash.c...
Libraries\STM32F4xx_StdPeriph_Driver\src\stm32f4xx_flash.c(434): warning:  #550-D: variable "tmp_psize" was set but never used
compiling stm32f4xx_fsmc.c...
compiling stm32f4xx_gpio.c...
compiling stm32f4xx_hash.c...
compiling stm32f4xx_hash_md5.c...
compiling stm32f4xx_hash_sha1.c...
compiling stm32f4xx_i2c.c...
compiling stm32f4xx_iwdg.c...
compiling stm32f4xx_pwr.c...
compiling stm32f4xx_rcc.c...
compiling stm32f4xx_rng.c...
compiling stm32f4xx_rtc.c...
compiling stm32f4xx_sdio.c...
compiling stm32f4xx_spi.c...
compiling stm32f4xx_syscfg.c...
compiling stm32f4xx_tim.c...
compiling stm32f4xx_usart.c...
compiling stm32f4xx_wwdg.c...
assembling startup_stm32f40xx.s...
compiling system_stm32f4xx.c...
compiling bsp.c...
BSP\bsp.c(5): warning:  #223-D: function "LEDInit" declared implicitly
BSP\bsp.c(7): warning:  #223-D: function "LEDOn" declared implicitly
BSP\bsp.c(17): warning:  #940-D: missing return statement at end of non-void function "CPU_TS_TmrRd"
compiling bsp_int.c...
compiling cpu_c.c...
compiling cpu_core.c...
assembling cpu_a.asm...
compiling lib_ascii.c...
compiling lib_math.c...
compiling lib_mem.c...
compiling lib_str.c...
compiling os_app_hooks.c...
assembling os_cpu_a.asm...
compiling os_cpu_c.c...
compiling os_cfg_app.c...
compiling os_core.c...
compiling os_dbg.c...
compiling os_flag.c...
compiling os_int.c...
compiling os_mem.c...
compiling os_msg.c...
compiling os_mutex.c...
compiling os_pend_multi.c...
compiling os_prio.c...
compiling os_q.c...
compiling os_sem.c...
compiling os_stat.c...
compiling os_task.c...
compiling os_tick.c...
compiling os_time.c...
compiling os_tmr.c...
compiling os_var.c...
linking...
.\Obj\AirPilot.axf: Error: L6218E: Undefined symbol LEDInit (referred from bsp.o).
.\Obj\AirPilot.axf: Error: L6218E: Undefined symbol LEDOn (referred from bsp.o).
Target not created
Build target 'Target 1'
compiling bsp.c...
BSP\bsp.c(14): warning:  #940-D: missing return statement at end of non-void function "CPU_TS_TmrRd"
linking...
Program Size: Code=30492 RO-data=1244 RW-data=224 ZI-data=8600  
".\Obj\AirPilot.axf" - 0 Error(s), 1 Warning(s).
Load "F:\\飞行器\\4轴程序byUs(new)\\AirPilot 2013.7.23 诞生记\\Obj\\AirPilot.axf" 
Load "F:\\飞行器\\4轴程序byUs(new)\\AirPilot 2013.7.23 诞生记\\Obj\\AirPilot.axf" 
Load "F:\\飞行器\\4轴程序byUs(new)\\AirPilot 2013.7.23 诞生记\\Obj\\AirPilot.axf" 
Load "F:\\飞行器\\4轴程序byUs(new)\\AirPilot 2013.7.23 诞生记\\Obj\\AirPilot.axf" 
Erase Done.
Programming Done.
Verify OK.
Application running ...
