<html>
<body>
<pre>
<h1>礦ision Build Log</h1>
<h2>Project:</h2>
F:\飞行器\4轴程序byUs(new)\AirPilot 2013.10.14 四轴室内手柄控制\AirPilot.uvproj
Project File Date:  10/05/2013

<h2>Output:</h2>
Build target 'Target 1'
compiling AP_EasyCtrl.c...
Modules\AP_EasyCtrl.c(150): warning:  #177-D: variable "val" was declared but never referenced
compiling AP_VisionLanding.c...
Modules\AP_VisionLanding.c(110): warning:  #177-D: variable "counter" was declared but never referenced
Modules\AP_VisionLanding.c(111): warning:  #177-D: variable "PreVision_PixelError" was declared but never referenced
Modules\AP_VisionLanding.c(198): warning:  #1035-D: single-precision operand implicitly converted to double-precision
Modules\AP_VisionLanding.c(198): warning:  #1035-D: single-precision operand implicitly converted to double-precision
Modules\AP_VisionLanding.c(230): warning:  #1035-D: single-precision operand implicitly converted to double-precision
Modules\AP_VisionLanding.c(230): warning:  #1035-D: single-precision operand implicitly converted to double-precision
Modules\AP_VisionLanding.c(234): warning:  #1035-D: single-precision operand implicitly converted to double-precision
Modules\AP_VisionLanding.c(244): warning:  #1035-D: single-precision operand implicitly converted to double-precision
linking...
Program Size: Code=90290 RO-data=1630 RW-data=1124 ZI-data=32260  
".\Obj\AirPilot.axf" - 0 Error(s), 9 Warning(s).
Build target 'Target 1'
compiling AP_Altitude.c...
Modules\AP_Altitude.c(203): warning:  #177-D: variable "err" was declared but never referenced
Modules\AP_Altitude.c(446): warning:  #1035-D: single-precision operand implicitly converted to double-precision
Modules\AP_Altitude.c(446): warning:  #1035-D: single-precision operand implicitly converted to double-precision
Modules\AP_Altitude.c(411): warning:  #177-D: variable "accVelScale" was declared but never referenced
Modules\AP_Altitude.c(417): warning:  #177-D: variable "boostGain" was declared but never referenced
Modules\AP_Altitude.c(509): warning:  #177-D: variable "P_Term" was declared but never referenced
Modules\AP_Altitude.c(509): warning:  #177-D: variable "D_Term" was declared but never referenced
Modules\AP_Altitude.c(510): warning:  #177-D: variable "Last_DTerm" was declared but never referenced
Modules\AP_Altitude.c(526): warning:  #177-D: variable "I_Sonar" was declared but never referenced
Modules\AP_Altitude.c(527): warning:  #177-D: variable "D_Sonar" was declared but never referenced
Modules\AP_Altitude.c(386): warning:  #177-D: function "InvSqrt" was declared but never referenced
Modules\AP_Altitude.c(395): warning:  #177-D: function "isq" was declared but never referenced
linking...
Program Size: Code=90290 RO-data=1630 RW-data=1124 ZI-data=32260  
".\Obj\AirPilot.axf" - 0 Error(s), 12 Warning(s).
Build target 'Target 1'
compiling AP_Altitude.c...
Modules\AP_Altitude.c(203): warning:  #177-D: variable "err" was declared but never referenced
Modules\AP_Altitude.c(446): warning:  #1035-D: single-precision operand implicitly converted to double-precision
Modules\AP_Altitude.c(446): warning:  #1035-D: single-precision operand implicitly converted to double-precision
Modules\AP_Altitude.c(411): warning:  #177-D: variable "accVelScale" was declared but never referenced
Modules\AP_Altitude.c(417): warning:  #177-D: variable "boostGain" was declared but never referenced
Modules\AP_Altitude.c(509): warning:  #177-D: variable "P_Term" was declared but never referenced
Modules\AP_Altitude.c(509): warning:  #177-D: variable "D_Term" was declared but never referenced
Modules\AP_Altitude.c(510): warning:  #177-D: variable "Last_DTerm" was declared but never referenced
Modules\AP_Altitude.c(526): warning:  #177-D: variable "I_Sonar" was declared but never referenced
Modules\AP_Altitude.c(527): warning:  #177-D: variable "D_Sonar" was declared but never referenced
Modules\AP_Altitude.c(386): warning:  #177-D: function "InvSqrt" was declared but never referenced
Modules\AP_Altitude.c(395): warning:  #177-D: function "isq" was declared but never referenced
linking...
Program Size: Code=90290 RO-data=1630 RW-data=1124 ZI-data=32260  
".\Obj\AirPilot.axf" - 0 Error(s), 12 Warning(s).
Load "F:\\飞行器\\4轴程序byUs(new)\\AirPilot 2013.10.14 四轴室内手柄控制\\Obj\\AirPilot.axf" 
Set JLink Project File to "F:\飞行器\4轴程序byUs(new)\AirPilot 2013.10.14 四轴室内手柄控制\JLinkSettings.ini"
* JLink Info: Device "STM32F407VG" selected (1024 KB flash, 128 KB RAM).
 
JLink info:
------------
DLL: V4.68a, compiled Apr 12 2013 13:26:50
Firmware: J-Link ARM V8 compiled Nov 14 2012 22:34:52
Hardware: V8.00
S/N : 20060125 
Feature(s) : RDI,FlashDL,FlashBP,JFlash,GDBFULL 
 
* JLink Info: Found SWD-DP with ID 0x2BA01477
* JLink Info: Found SWD-DP with ID 0x2BA01477
* JLink Info: TPIU fitted.
* JLink Info: ETM fitted.
* JLink Info: FPUnit: 6 code (BP) slots and 2 literal slots
* JLink Info: Found Cortex-M4 r0p1, Little endian.
ROMTableAddr = 0xE00FF003
 
Target info:
------------
Device: STM32F407VG
VTarget = 3.300V
State of Pins: 
TCK: 0, TDI: 0, TDO: 0, TMS: 1, TRES: 1, TRST: 1
Hardware-Breakpoints: 6
Software-Breakpoints: 8192
Watchpoints:          4
JTAG speed: 2000 kHz
 
Erase Done.
Programming Done.
Verify OK.
Application running ...
Build target 'Target 1'
compiling AP_VisionLanding.c...
Modules\AP_VisionLanding.c(110): warning:  #177-D: variable "counter" was declared but never referenced
Modules\AP_VisionLanding.c(111): warning:  #177-D: variable "PreVision_PixelError" was declared but never referenced
Modules\AP_VisionLanding.c(198): warning:  #1035-D: single-precision operand implicitly converted to double-precision
Modules\AP_VisionLanding.c(198): warning:  #1035-D: single-precision operand implicitly converted to double-precision
Modules\AP_VisionLanding.c(230): warning:  #1035-D: single-precision operand implicitly converted to double-precision
Modules\AP_VisionLanding.c(230): warning:  #1035-D: single-precision operand implicitly converted to double-precision
Modules\AP_VisionLanding.c(234): warning:  #1035-D: single-precision operand implicitly converted to double-precision
Modules\AP_VisionLanding.c(244): warning:  #1035-D: single-precision operand implicitly converted to double-precision
linking...
Program Size: Code=90298 RO-data=1630 RW-data=1124 ZI-data=32260  
".\Obj\AirPilot.axf" - 0 Error(s), 8 Warning(s).
Build target 'Target 1'
compiling AP_VisionLanding.c...
Modules\AP_VisionLanding.c(110): warning:  #177-D: variable "counter" was declared but never referenced
Modules\AP_VisionLanding.c(111): warning:  #177-D: variable "PreVision_PixelError" was declared but never referenced
Modules\AP_VisionLanding.c(198): warning:  #1035-D: single-precision operand implicitly converted to double-precision
Modules\AP_VisionLanding.c(198): warning:  #1035-D: single-precision operand implicitly converted to double-precision
Modules\AP_VisionLanding.c(230): warning:  #1035-D: single-precision operand implicitly converted to double-precision
Modules\AP_VisionLanding.c(230): warning:  #1035-D: single-precision operand implicitly converted to double-precision
Modules\AP_VisionLanding.c(234): warning:  #1035-D: single-precision operand implicitly converted to double-precision
Modules\AP_VisionLanding.c(244): warning:  #1035-D: single-precision operand implicitly converted to double-precision
linking...
Program Size: Code=90298 RO-data=1630 RW-data=1124 ZI-data=32260  
".\Obj\AirPilot.axf" - 0 Error(s), 8 Warning(s).
Load "F:\\飞行器\\4轴程序byUs(new)\\AirPilot 2013.10.14 四轴室内手柄控制\\Obj\\AirPilot.axf" 
Set JLink Project File to "F:\飞行器\4轴程序byUs(new)\AirPilot 2013.10.14 四轴室内手柄控制\JLinkSettings.ini"
* JLink Info: Device "STM32F407VG" selected (1024 KB flash, 128 KB RAM).
 
JLink info:
------------
DLL: V4.68a, compiled Apr 12 2013 13:26:50
Firmware: J-Link ARM V8 compiled Nov 14 2012 22:34:52
Hardware: V8.00
S/N : 20060125 
Feature(s) : RDI,FlashDL,FlashBP,JFlash,GDBFULL 
 
* JLink Info: Found SWD-DP with ID 0x2BA01477
* JLink Info: Found SWD-DP with ID 0x2BA01477
* JLink Info: TPIU fitted.
* JLink Info: ETM fitted.
* JLink Info: FPUnit: 6 code (BP) slots and 2 literal slots
* JLink Info: Found Cortex-M4 r0p1, Little endian.
ROMTableAddr = 0xE00FF003
 
Target info:
------------
Device: STM32F407VG
VTarget = 3.293V
State of Pins: 
TCK: 0, TDI: 0, TDO: 0, TMS: 1, TRES: 1, TRST: 1
Hardware-Breakpoints: 6
Software-Breakpoints: 8192
Watchpoints:          4
JTAG speed: 2000 kHz
 
Erase Done.
Programming Done.
Verify OK.
Application running ...
