ARM Linker, 5.03 [Build 69] [MDK-ARM Standard]

==============================================================================

Section Cross References

    main.o(.text) refers to misc.o(.text) for NVIC_PriorityGroupConfig
    main.o(.text) refers to bsp.o(.text) for BSP_Init
    main.o(.text) refers to cpu_core.o(.text) for CPU_Init
    main.o(.text) refers to ap_serial.o(.text) for UserDefineVariables_Creat
    main.o(.text) refers to os_time.o(.text) for OSTimeDly
    main.o(.text) refers to os_core.o(.text) for OSInit
    main.o(.text) refers to os_task.o(.text) for OSTaskCreate
    main.o(.text) refers to system_stm32f4xx.o(.data) for SystemCoreClock
    main.o(.text) refers to ap_flash.o(.bss) for cfg
    main.o(.text) refers to main.o(.data) for Diy_Test1
    main.o(.text) refers to main.o(.bss) for AppTaskStartStk
    stm32f4xx_it.o(.text) refers to ap_mixer.o(.text) for Mixer_WriteAllMotors
    stm32f4xx_it.o(.text) refers to ap_led.o(.text) for LED_Toggle
    stm32f4xx_it.o(.text) refers to ap_flash.o(.bss) for cfg
    system.o(.text) refers to os_time.o(.text) for OSTimeDly
    system.o(.text) refers to ap_led.o(.text) for LED_Toggle
    system.o(.text) refers to system.o(.data) for OutTickCount
    ap_actuator.o(.text) refers to system.o(.text) for TimUsGet
    ap_actuator.o(.text) refers to dflt_clz.o(x$fpl$dfltu) for __aeabi_ui2d
    ap_actuator.o(.text) refers to dmul.o(x$fpl$dmul) for __aeabi_dmul
    ap_actuator.o(.text) refers to d2f.o(x$fpl$d2f) for __aeabi_d2f
    ap_actuator.o(.text) refers to ap_flash.o(.text) for Sensors
    ap_actuator.o(.text) refers to ap_gps.o(.text) for GPS_reset_nav
    ap_actuator.o(.text) refers to sinf.o(i.__hardfp_sinf) for __hardfp_sinf
    ap_actuator.o(.text) refers to cosf.o(i.__hardfp_cosf) for __hardfp_cosf
    ap_actuator.o(.text) refers to ap_actuator.o(.data) for pre_time
    ap_actuator.o(.text) refers to ap_serial.o(.bss) for f
    ap_actuator.o(.text) refers to ap_rc.o(.data) for RC_RawData
    ap_actuator.o(.text) refers to ap_imu.o(.data) for heading
    ap_actuator.o(.text) refers to ap_flash.o(.bss) for cfg
    ap_actuator.o(.text) refers to ap_gps.o(.data) for nav
    ap_actuator.o(.text) refers to ap_easyctrl.o(.data) for OneKey_RollStep
    ap_actuator.o(.text) refers to ap_opticalflow.o(.data) for OpticalFlow_Angle
    ap_actuator.o(.text) refers to ap_visionlanding.o(.data) for VisionLanding_Angle
    ap_actuator.o(.text) refers to ap_avoid.o(.data) for Avoid_Angle
    ap_actuator.o(.text) refers to ap_actuator.o(.bss) for last_RateError
    ap_actuator.o(.text) refers to ap_altitude.o(.data) for RawRcCommand_Val
    ap_actuator.o(.text) refers to os_time.o(.text) for OSTimeDly
    ap_actuator.o(.text) refers to os_flag.o(.text) for OSFlagPost
    ap_actuator.o(.text) refers to os_task.o(.text) for OSTaskCreate
    ap_actuator.o(.text) refers to ap_sensor.o(.data) for CalibratingA
    ap_actuator.o(.text) refers to ap_daemon.o(.data) for LED_FlashBit
    ap_actuator.o(.text) refers to ap_xbeepro.o(.data) for XbeePro_ImportanceInfo
    ap_actuator.o(.text) refers to ap_sonar.o(.data) for EstAlt_Sonar
    ap_actuator.o(.text) refers to ap_mixer.o(.bss) for Mixer_TaskRunFlagGrp
    ap_imu.o(.text) refers to atan2f.o(i.__hardfp_atan2f) for __hardfp_atan2f
    ap_imu.o(.text) refers to system.o(.text) for TimUsGet
    ap_imu.o(.text) refers to ap_flash.o(.text) for Sensors
    ap_imu.o(.text) refers to dflt_clz.o(x$fpl$dflt) for __aeabi_i2d
    ap_imu.o(.text) refers to sqrt.o(i.__hardfp_sqrt) for __hardfp_sqrt
    ap_imu.o(.text) refers to d2f.o(x$fpl$d2f) for __aeabi_d2f
    ap_imu.o(.text) refers to ap_imu.o(.data) for previousT
    ap_imu.o(.text) refers to ap_sensor.o(.data) for gyroADC
    ap_imu.o(.text) refers to ap_flash.o(.bss) for cfg
    ap_imu.o(.text) refers to ap_imu.o(.bss) for accLPF
    ap_imu.o(.text) refers to ap_serial.o(.bss) for f
    ap_imu.o(.text) refers to ap_sensor.o(.text) for Acc_GetADC
    ap_imu.o(.text) refers to os_time.o(.text) for OSTimeDly
    ap_imu.o(.text) refers to os_task.o(.text) for OSTaskCreate
    ap_imu.o(.text) refers to ap_altitude.o(.data) for vel
    ap_altitude.o(.text) refers to system.o(.text) for TimUsGet
    ap_altitude.o(.text) refers to dflt_clz.o(x$fpl$dflt) for __aeabi_i2d
    ap_altitude.o(.text) refers to f2d.o(x$fpl$f2d) for __aeabi_f2d
    ap_altitude.o(.text) refers to log.o(i.__hardfp_log) for __hardfp_log
    ap_altitude.o(.text) refers to dmul.o(x$fpl$dmul) for __aeabi_dmul
    ap_altitude.o(.text) refers to dfix.o(x$fpl$dfix) for __aeabi_d2iz
    ap_altitude.o(.text) refers to daddsub_clz.o(x$fpl$dadd) for __aeabi_dadd
    ap_altitude.o(.text) refers to d2f.o(x$fpl$d2f) for __aeabi_d2f
    ap_altitude.o(.text) refers to ap_rc.o(.data) for RC_RawData
    ap_altitude.o(.text) refers to ap_altitude.o(.data) for rc_data_old
    ap_altitude.o(.text) refers to ap_serial.o(.bss) for f
[...]
    USART1_IRQHandler                        0x0800d45b   Thumb Code     0  startup_stm32f40xx.o(.text)
    USART2_IRQHandler                        0x0800d45b   Thumb Code     0  startup_stm32f40xx.o(.text)
    USART3_IRQHandler                        0x0800d45b   Thumb Code     0  startup_stm32f40xx.o(.text)
    USART6_IRQHandler                        0x0800d45b   Thumb Code     0  startup_stm32f40xx.o(.text)
    WWDG_IRQHandler                          0x0800d45b   Thumb Code     0  startup_stm32f40xx.o(.text)
    __user_initial_stackheap                 0x0800d45d   Thumb Code     0  startup_stm32f40xx.o(.text)
    SystemInit                               0x0800d55b   Thumb Code    88  system_stm32f4xx.o(.text)
    SystemCoreClockUpdate                    0x0800d5b3   Thumb Code   174  system_stm32f4xx.o(.text)
    BSP_Init                                 0x0800d68d   Thumb Code    90  bsp.o(.text)
    CPU_TS_TmrInit                           0x0800d6e7   Thumb Code     2  bsp.o(.text)
    CPU_TS_TmrRd                             0x0800d6e9   Thumb Code     4  bsp.o(.text)
    CPU_Init                                 0x0800d6ff   Thumb Code     8  cpu_core.o(.text)
    CPU_SW_Exception                         0x0800d707   Thumb Code     4  cpu_core.o(.text)
    CPU_TS_Get32                             0x0800d70b   Thumb Code    12  cpu_core.o(.text)
    CPU_TS_Update                            0x0800d717   Thumb Code     2  cpu_core.o(.text)
    CPU_TS_TmrFreqGet                        0x0800d719   Thumb Code    30  cpu_core.o(.text)
    CPU_TS_TmrFreqSet                        0x0800d737   Thumb Code     6  cpu_core.o(.text)
    CPU_IntDis                               0x0800d741   Thumb Code     0  cpu_a.o(.text)
    CPU_IntEn                                0x0800d745   Thumb Code     0  cpu_a.o(.text)
    CPU_SR_Save                              0x0800d749   Thumb Code     0  cpu_a.o(.text)
    CPU_SR_Restore                           0x0800d751   Thumb Code     0  cpu_a.o(.text)
    CPU_WaitForInt                           0x0800d757   Thumb Code     0  cpu_a.o(.text)
    CPU_WaitForExcept                        0x0800d75b   Thumb Code     0  cpu_a.o(.text)
    CPU_CntLeadZeros                         0x0800d75f   Thumb Code     0  cpu_a.o(.text)
    CPU_CntTrailZeros                        0x0800d765   Thumb Code     0  cpu_a.o(.text)
    CPU_RevBits                              0x0800d76f   Thumb Code     0  cpu_a.o(.text)
    OS_CPU_FP_Reg_Push                       0x0800d775   Thumb Code     0  os_cpu_a.o(.text)
    OS_CPU_FP_Reg_Pop                        0x0800d78f   Thumb Code     0  os_cpu_a.o(.text)
    OSStartHighRdy                           0x0800d7a1   Thumb Code     0  os_cpu_a.o(.text)
    OSCtxSw                                  0x0800d7c3   Thumb Code     0  os_cpu_a.o(.text)
    OSIntCtxSw                               0x0800d7cd   Thumb Code     0  os_cpu_a.o(.text)
    OS_CPU_PendSVHandler                     0x0800d7d7   Thumb Code     0  os_cpu_a.o(.text)
    OSIdleTaskHook                           0x0800d841   Thumb Code    16  os_cpu_c.o(.text)
    OSInitHook                               0x0800d851   Thumb Code    20  os_cpu_c.o(.text)
    OSStatTaskHook                           0x0800d865   Thumb Code    16  os_cpu_c.o(.text)
    OSTaskCreateHook                         0x0800d875   Thumb Code    20  os_cpu_c.o(.text)
    OSTaskDelHook                            0x0800d889   Thumb Code    20  os_cpu_c.o(.text)
    OSTaskReturnHook                         0x0800d89d   Thumb Code    20  os_cpu_c.o(.text)
    OSTaskStkInit                            0x0800d8b1   Thumb Code   600  os_cpu_c.o(.text)
    OSTaskSwHook                             0x0800db09   Thumb Code   128  os_cpu_c.o(.text)
    OSTimeTickHook                           0x0800db89   Thumb Code    16  os_cpu_c.o(.text)
    OS_CPU_SysTickHandler                    0x0800db99   Thumb Code    62  os_cpu_c.o(.text)
    OS_CPU_SysTickInit                       0x0800dbd7   Thumb Code    44  os_cpu_c.o(.text)
    OSCfg_Init                               0x0800dc49   Thumb Code    72  os_cfg_app.o(.text)
    OS_IdleTask                              0x0800dd19   Thumb Code    60  os_core.o(.text)
    OS_IdleTaskInit                          0x0800dd55   Thumb Code    68  os_core.o(.text)
    OS_RdyListInit                           0x0800dd99   Thumb Code    32  os_core.o(.text)
    OSInit                                   0x0800ddb9   Thumb Code   264  os_core.o(.text)
    OSIntEnter                               0x0800dec1   Thumb Code    34  os_core.o(.text)
    OSIntExit                                0x0800dee3   Thumb Code   192  os_core.o(.text)
    OSSched                                  0x0800dfa3   Thumb Code   134  os_core.o(.text)
    OS_SchedLockTimeMeasStart                0x0800e029   Thumb Code    20  os_core.o(.text)
    OSSchedLock                              0x0800e03d   Thumb Code   104  os_core.o(.text)
    OS_SchedLockTimeMeasStop                 0x0800e0a5   Thumb Code    44  os_core.o(.text)
    OSSchedUnlock                            0x0800e0d1   Thumb Code   278  os_core.o(.text)
    OSSchedRoundRobinCfg                     0x0800e1e7   Thumb Code    88  os_core.o(.text)
    OS_RdyListMoveHeadToTail                 0x0800e23f   Thumb Code    68  os_core.o(.text)
    OSSchedRoundRobinYield                   0x0800e283   Thumb Code   164  os_core.o(.text)
    OSStart                                  0x0800e327   Thumb Code    78  os_core.o(.text)
    OSVersion                                0x0800e375   Thumb Code    12  os_core.o(.text)
    OS_PendDbgNameAdd                        0x0800e381   Thumb Code    66  os_core.o(.text)
    OS_PendListInsertPrio                    0x0800e3c3   Thumb Code   102  os_core.o(.text)
    OS_PendDataInit                          0x0800e429   Thumb Code    38  os_core.o(.text)
    OS_RdyListRemove                         0x0800e44f   Thumb Code    86  os_core.o(.text)
    OS_TaskBlock                             0x0800e4a5   Thumb Code    56  os_core.o(.text)
    OS_Pend                                  0x0800e4dd   Thumb Code    98  os_core.o(.text)
    OS_PendListRemove1                       0x0800e53f   Thumb Code    66  os_core.o(.text)
    OS_PendListRemove                        0x0800e581   Thumb Code    48  os_core.o(.text)
    OS_PendAbort1                            0x0800e5b1   Thumb Code    36  os_core.o(.text)
    OS_RdyListInsertHead                     0x0800e5d5   Thumb Code   128  os_core.o(.text)
    OS_RdyListInsertTail                     0x0800e655   Thumb Code    56  os_core.o(.text)
    OS_RdyListInsert                         0x0800e68d   Thumb Code    40  os_core.o(.text)
    OS_TaskRdy                               0x0800e6b5   Thumb Code    28  os_core.o(.text)
    OS_PendAbort                             0x0800e6d1   Thumb Code   178  os_core.o(.text)
    OS_PendDbgNameRemove                     0x0800e783   Thumb Code    34  os_core.o(.text)
    OS_PendListChangePrio                    0x0800e7a5   Thumb Code    70  os_core.o(.text)
    OS_PendListInit                          0x0800e7eb   Thumb Code    10  os_core.o(.text)
    OS_PendListInsertHead                    0x0800e7f5   Thumb Code    32  os_core.o(.text)
    OS_PendObjDel1                           0x0800e815   Thumb Code    36  os_core.o(.text)
    OS_PendObjDel                            0x0800e839   Thumb Code   174  os_core.o(.text)
    OS_Post1                                 0x0800e8e7   Thumb Code    42  os_core.o(.text)
    OS_Post                                  0x0800e911   Thumb Code   198  os_core.o(.text)
    OS_SchedRoundRobin                       0x0800e9d7   Thumb Code   206  os_core.o(.text)
    OS_Dbg_Init                              0x0800eaad   Thumb Code   144  os_dbg.o(.text)
    OS_FlagDbgListAdd                        0x0800ec55   Thumb Code    38  os_flag.o(.text)
    OSFlagCreate                             0x0800ec7b   Thumb Code   116  os_flag.o(.text)
    OS_FlagClr                               0x0800ecef   Thumb Code    28  os_flag.o(.text)
    OS_FlagDbgListRemove                     0x0800ed0b   Thumb Code    44  os_flag.o(.text)
    OSFlagDel                                0x0800ed37   Thumb Code   306  os_flag.o(.text)
    OS_FlagBlock                             0x0800ee69   Thumb Code    58  os_flag.o(.text)
    OSFlagPend                               0x0800eea3   Thumb Code  1098  os_flag.o(.text)
    OSFlagPendAbort                          0x0800f2ed   Thumb Code   236  os_flag.o(.text)
    OSFlagPendGetFlagsRdy                    0x0800f3d9   Thumb Code    68  os_flag.o(.text)
    OS_FlagTaskRdy                           0x0800f41d   Thumb Code   108  os_flag.o(.text)
    OS_FlagPost                              0x0800f489   Thumb Code   420  os_flag.o(.text)
    OSFlagPost                               0x0800f62d   Thumb Code   112  os_flag.o(.text)
    OS_FlagInit                              0x0800f69d   Thumb Code    14  os_flag.o(.text)
    OS_MemDbgListAdd                         0x0800f6b9   Thumb Code    34  os_mem.o(.text)
    OSMemCreate                              0x0800f6db   Thumb Code   230  os_mem.o(.text)
    OSMemGet                                 0x0800f7c1   Thumb Code   100  os_mem.o(.text)
    OSMemPut                                 0x0800f825   Thumb Code   112  os_mem.o(.text)
    OS_MemInit                               0x0800f895   Thumb Code    14  os_mem.o(.text)
    OS_MsgPoolCreate                         0x0800f8b5   Thumb Code    54  os_msg.o(.text)
    OSMsgPoolExtend                          0x0800f8eb   Thumb Code    68  os_msg.o(.text)
    OS_MsgPoolInit                           0x0800f92f   Thumb Code    68  os_msg.o(.text)
    OS_MsgQEntriesPeakReset                  0x0800f973   Thumb Code    40  os_msg.o(.text)
    OS_MsgQFreeAll                           0x0800f99b   Thumb Code    62  os_msg.o(.text)
    OS_MsgQInit                              0x0800f9d9   Thumb Code    14  os_msg.o(.text)
    OS_MsgQGet                               0x0800f9e7   Thumb Code    98  os_msg.o(.text)
    OS_MsgQPut                               0x0800fa49   Thumb Code   212  os_msg.o(.text)
    OS_MutexDbgListAdd                       0x0800fb29   Thumb Code    38  os_mutex.o(.text)
    OSMutexCreate                            0x0800fb4f   Thumb Code   122  os_mutex.o(.text)
    OS_MutexClr                              0x0800fbc9   Thumb Code    38  os_mutex.o(.text)
    OS_MutexDbgListRemove                    0x0800fbef   Thumb Code    44  os_mutex.o(.text)
    OSMutexDel                               0x0800fc1b   Thumb Code   412  os_mutex.o(.text)
    OSMutexPend                              0x0800fdb7   Thumb Code   616  os_mutex.o(.text)
    OSMutexPendAbort                         0x0801001f   Thumb Code   220  os_mutex.o(.text)
    OSMutexPost                              0x080100fb   Thumb Code   326  os_mutex.o(.text)
    OS_MutexInit                             0x08010241   Thumb Code    14  os_mutex.o(.text)
    OS_PrioInit                              0x08010269   Thumb Code    20  os_prio.o(.text)
    OS_PrioGetHighest                        0x0801027d   Thumb Code    36  os_prio.o(.text)
    OS_PrioInsert                            0x080102a1   Thumb Code    32  os_prio.o(.text)
    OS_PrioRemove                            0x080102c1   Thumb Code    32  os_prio.o(.text)
    OS_QDbgListAdd                           0x080102e5   Thumb Code    38  os_q.o(.text)
    OSQCreate                                0x0801030b   Thumb Code   130  os_q.o(.text)
    OS_QClr                                  0x0801038d   Thumb Code    40  os_q.o(.text)
    OS_QDbgListRemove                        0x080103b5   Thumb Code    44  os_q.o(.text)
    OSQDel                                   0x080103e1   Thumb Code   276  os_q.o(.text)
    OSQFlush                                 0x080104f5   Thumb Code   106  os_q.o(.text)
    OSQPend                                  0x0801055f   Thumb Code   484  os_q.o(.text)
    OSQPendAbort                             0x08010743   Thumb Code   220  os_q.o(.text)
    OS_QPost                                 0x0801081f   Thumb Code   190  os_q.o(.text)
    OSQPost                                  0x080108dd   Thumb Code    68  os_q.o(.text)
    OS_QInit                                 0x08010921   Thumb Code    14  os_q.o(.text)
    OS_SemDbgListAdd                         0x08010945   Thumb Code    38  os_sem.o(.text)
    OSSemCreate                              0x0801096b   Thumb Code   116  os_sem.o(.text)
    OS_SemClr                                0x080109df   Thumb Code    28  os_sem.o(.text)
    OS_SemDbgListRemove                      0x080109fb   Thumb Code    44  os_sem.o(.text)
    OSSemDel                                 0x08010a27   Thumb Code   276  os_sem.o(.text)
    OSSemPend                                0x08010b3b   Thumb Code   406  os_sem.o(.text)
    OSSemPendAbort                           0x08010cd1   Thumb Code   262  os_sem.o(.text)
    OS_SemPost                               0x08010dd7   Thumb Code   294  os_sem.o(.text)
    OSSemPost                                0x08010efd   Thumb Code    66  os_sem.o(.text)
    OSSemSet                                 0x08010f3f   Thumb Code   120  os_sem.o(.text)
    OS_SemInit                               0x08010fb7   Thumb Code    14  os_sem.o(.text)
    OSStatReset                              0x08010fd5   Thumb Code   180  os_stat.o(.text)
    OSStatTaskCPUUsageInit                   0x08011089   Thumb Code   168  os_stat.o(.text)
    OS_StatTask                              0x08011131   Thumb Code   412  os_stat.o(.text)
    OS_StatTaskInit                          0x080112cd   Thumb Code   138  os_stat.o(.text)
    OSTaskChangePrio                         0x080113bd   Thumb Code   274  os_task.o(.text)
    OS_TaskDbgListAdd                        0x080114cf   Thumb Code    42  os_task.o(.text)
    OS_TaskInitTCB                           0x080114f9   Thumb Code   200  os_task.o(.text)
    OSTaskCreate                             0x080115c1   Thumb Code   410  os_task.o(.text)
    OS_TaskDbgListRemove                     0x0801175b   Thumb Code    64  os_task.o(.text)
    OSTaskDel                                0x0801179b   Thumb Code   324  os_task.o(.text)
    OSTaskQFlush                             0x080118df   Thumb Code   110  os_task.o(.text)
    OSTaskQPend                              0x0801194d   Thumb Code   458  os_task.o(.text)
    OSTaskQPendAbort                         0x08011b17   Thumb Code   160  os_task.o(.text)
    OS_TaskQPost                             0x08011bb7   Thumb Code   242  os_task.o(.text)
    OSTaskQPost                              0x08011ca9   Thumb Code    42  os_task.o(.text)
    OSTaskRegGet                             0x08011cd3   Thumb Code    78  os_task.o(.text)
    OSTaskRegSet                             0x08011d21   Thumb Code    78  os_task.o(.text)
    OSTaskResume                             0x08011d6f   Thumb Code   304  os_task.o(.text)
    OSTaskSemPend                            0x08011e9f   Thumb Code   452  os_task.o(.text)
    OSTaskSemPendAbort                       0x08012063   Thumb Code   188  os_task.o(.text)
    OS_TaskSemPost                           0x0801211f   Thumb Code   326  os_task.o(.text)
    OSTaskSemPost                            0x08012265   Thumb Code    36  os_task.o(.text)
    OSTaskSemSet                             0x08012289   Thumb Code    80  os_task.o(.text)
    OSTaskStkChk                             0x080122d9   Thumb Code   204  os_task.o(.text)
    OSTaskSuspend                            0x080123a5   Thumb Code   322  os_task.o(.text)
    OSTaskTimeQuantaSet                      0x080124e7   Thumb Code    96  os_task.o(.text)
    OS_TaskInit                              0x08012547   Thumb Code    18  os_task.o(.text)
    OS_TaskReturn                            0x08012559   Thumb Code    20  os_task.o(.text)
    OS_TickListRemove                        0x08012585   Thumb Code    56  os_tick.o(.text)
    OS_TickListUpdate                        0x080125bd   Thumb Code   388  os_tick.o(.text)
    OS_TickTask                              0x08012741   Thumb Code    38  os_tick.o(.text)
    OS_TickListInit                          0x08012767   Thumb Code    32  os_tick.o(.text)
    OS_TickTaskInit                          0x08012787   Thumb Code    94  os_tick.o(.text)
    OS_TickListInsert                        0x080127e5   Thumb Code   430  os_tick.o(.text)
    OS_TickListResetPeak                     0x08012993   Thumb Code    28  os_tick.o(.text)
    OSTimeDly                                0x080129ed   Thumb Code   182  os_time.o(.text)
    OSTimeDlyHMSM                            0x08012aa3   Thumb Code   394  os_time.o(.text)
    OSTimeDlyResume                          0x08012c2d   Thumb Code   304  os_time.o(.text)
    OSTimeGet                                0x08012d5d   Thumb Code    46  os_time.o(.text)
    OSTimeSet                                0x08012d8b   Thumb Code    46  os_time.o(.text)
    OSTimeTick                               0x08012db9   Thumb Code   110  os_time.o(.text)
    OS_TmrDbgListAdd                         0x08012e2d   Thumb Code    34  os_tmr.o(.text)
    OSTmrCreate                              0x08012e4f   Thumb Code   192  os_tmr.o(.text)
    OS_TmrClr                                0x08012f0f   Thumb Code    36  os_tmr.o(.text)
    OS_TmrUnlink                             0x08012f33   Thumb Code    72  os_tmr.o(.text)
    OS_TmrDbgListRemove                      0x08012f7b   Thumb Code    44  os_tmr.o(.text)
    OSTmrDel                                 0x08012fa7   Thumb Code   176  os_tmr.o(.text)
    OSTmrRemainGet                           0x08013057   Thumb Code   184  os_tmr.o(.text)
    OS_TmrLink                               0x0801310f   Thumb Code   196  os_tmr.o(.text)
    OSTmrStart                               0x080131d3   Thumb Code   208  os_tmr.o(.text)
    OSTmrStateGet                            0x080132a3   Thumb Code   134  os_tmr.o(.text)
    OSTmrStop                                0x08013329   Thumb Code   232  os_tmr.o(.text)
    OS_TmrTask                               0x08013411   Thumb Code   176  os_tmr.o(.text)
    OS_TmrInit                               0x080134c1   Thumb Code   208  os_tmr.o(.text)
    OS_TmrResetPeak                          0x08013591   Thumb Code    28  os_tmr.o(.text)
    __rt_ctype_table                         0x08013609   Thumb Code    16  rt_ctype_table.o(.text)
    __aeabi_uldivmod                         0x08013619   Thumb Code     0  lludivv7m.o(.text)
    _ll_udiv                                 0x08013619   Thumb Code   238  lludivv7m.o(.text)
    strchr                                   0x08013707   Thumb Code    20  strchr.o(.text)
    __aeabi_memcpy4                          0x0801371b   Thumb Code     0  rt_memcpy_w.o(.text)
    __aeabi_memcpy8                          0x0801371b   Thumb Code     0  rt_memcpy_w.o(.text)
    __rt_memcpy_w                            0x0801371b   Thumb Code   100  rt_memcpy_w.o(.text)
    _memcpy_lastbytes_aligned                0x08013763   Thumb Code     0  rt_memcpy_w.o(.text)
    __use_two_region_memory                  0x0801377f   Thumb Code     2  heapauxi.o(.text)
    __rt_heap_escrow$2region                 0x08013781   Thumb Code     2  heapauxi.o(.text)
    __rt_heap_expand$2region                 0x08013783   Thumb Code     2  heapauxi.o(.text)
    __rt_locale                              0x08013785   Thumb Code     8  rt_locale_intlibspace.o(.text)
    __read_errno                             0x0801378d   Thumb Code    10  _rserrno.o(.text)
    __set_errno                              0x08013797   Thumb Code    12  _rserrno.o(.text)
    __user_libspace                          0x080137a5   Thumb Code     8  libspace.o(.text)
    __user_perproc_libspace                  0x080137a5   Thumb Code     0  libspace.o(.text)
    __user_perthread_libspace                0x080137a5   Thumb Code     0  libspace.o(.text)
    __aeabi_errno_addr                       0x080137ad   Thumb Code     8  rt_errno_addr_intlibspace.o(.text)
    __errno$intlibspace                      0x080137ad   Thumb Code     0  rt_errno_addr_intlibspace.o(.text)
    __rt_errno_addr$intlibspace              0x080137ad   Thumb Code     0  rt_errno_addr_intlibspace.o(.text)
    strcmp                                   0x080137b5   Thumb Code   128  strcmpv7m.o(.text)
    __user_setup_stackheap                   0x08013835   Thumb Code    74  sys_stackheap_outer.o(.text)
    exit                                     0x0801387f   Thumb Code    12  exit.o(.text)
    _sys_exit                                0x0801388d   Thumb Code     8  sys_exit.o(.text)
    __I$use$semihosting                      0x08013899   Thumb Code     0  use_no_semi.o(.text)
    __use_no_semihosting_swi                 0x08013899   Thumb Code     2  use_no_semi.o(.text)
    __ARM_fpclassify                         0x0801389b   Thumb Code    48  fpclassify.o(i.__ARM_fpclassify)
    __semihosting_library_function           0x0801389b   Thumb Code     0  indicate_semi.o(.text)
    __ARM_fpclassifyf                        0x080138cb   Thumb Code    38  fpclassifyf.o(i.__ARM_fpclassifyf)
    __hardfp_atan2f                          0x080138f1   Thumb Code   486  atan2f.o(i.__hardfp_atan2f)
    __hardfp_cosf                            0x08013b39   Thumb Code   282  cosf.o(i.__hardfp_cosf)
    __hardfp_log                             0x08013c99   Thumb Code   888  log.o(i.__hardfp_log)
    __hardfp_pow                             0x08014081   Thumb Code  3132  pow.o(i.__hardfp_pow)
    __hardfp_sinf                            0x08014d11   Thumb Code   314  sinf.o(i.__hardfp_sinf)
    __hardfp_sqrt                            0x08014e89   Thumb Code   122  sqrt.o(i.__hardfp_sqrt)
    __hardfp_sqrtf                           0x08014f03   Thumb Code    58  sqrtf.o(i.__hardfp_sqrtf)
    __hardfp_tanf                            0x08014f3d   Thumb Code   300  tanf.o(i.__hardfp_tanf)
    __kernel_poly                            0x080150a5   Thumb Code   248  poly.o(i.__kernel_poly)
    __mathlib_dbl_underflow                  0x080151a1   Thumb Code    24  dunder.o(i.__mathlib_dbl_underflow)
    __mathlib_flt_underflow                  0x080151c1   Thumb Code    10  funder.o(i.__mathlib_flt_underflow)
    __mathlib_rredf2                         0x080151d1   Thumb Code   296  rredf.o(i.__mathlib_rredf2)
    fabs                                     0x08015311   Thumb Code    32  fabs.o(i.fabs)
    sqrt                                     0x08015331   Thumb Code   110  sqrt.o(i.sqrt)
    _get_lc_ctype                            0x080153a1   Thumb Code    44  lc_ctype_c.o(locale$$code)
    __aeabi_dneg                             0x080153cd   Thumb Code     0  basic.o(x$fpl$basic)
    _dneg                                    0x080153cd   Thumb Code     6  basic.o(x$fpl$basic)
    __aeabi_fneg                             0x080153d3   Thumb Code     0  basic.o(x$fpl$basic)
    _fneg                                    0x080153d3   Thumb Code     6  basic.o(x$fpl$basic)
    _dabs                                    0x080153d9   Thumb Code     6  basic.o(x$fpl$basic)
    _fabs                                    0x080153df   Thumb Code     6  basic.o(x$fpl$basic)
    __aeabi_d2f                              0x080153e5   Thumb Code     0  d2f.o(x$fpl$d2f)
    _d2f                                     0x080153e5   Thumb Code    98  d2f.o(x$fpl$d2f)
    __aeabi_dadd                             0x08015449   Thumb Code     0  daddsub_clz.o(x$fpl$dadd)
    _dadd                                    0x08015449   Thumb Code   332  daddsub_clz.o(x$fpl$dadd)
    __fpl_dcheck_NaN1                        0x08015599   Thumb Code    10  dcheck1.o(x$fpl$dcheck1)
    __fpl_dcmp_Inf                           0x080155a9   Thumb Code    24  dcmpi.o(x$fpl$dcmpinf)
    __aeabi_ddiv                             0x080155c1   Thumb Code     0  ddiv.o(x$fpl$ddiv)
    _ddiv                                    0x080155c1   Thumb Code   552  ddiv.o(x$fpl$ddiv)
    __aeabi_cdcmpeq                          0x08015871   Thumb Code     0  deqf.o(x$fpl$deqf)
    _dcmpeq                                  0x08015871   Thumb Code   120  deqf.o(x$fpl$deqf)
    __aeabi_d2iz                             0x080158e9   Thumb Code     0  dfix.o(x$fpl$dfix)
    _dfix                                    0x080158e9   Thumb Code    94  dfix.o(x$fpl$dfix)
    __aeabi_d2uiz                            0x08015949   Thumb Code     0  dfixu.o(x$fpl$dfixu)
    _dfixu                                   0x08015949   Thumb Code    90  dfixu.o(x$fpl$dfixu)
    __aeabi_i2d                              0x080159a3   Thumb Code     0  dflt_clz.o(x$fpl$dflt)
    _dflt                                    0x080159a3   Thumb Code    46  dflt_clz.o(x$fpl$dflt)
    __aeabi_ui2d                             0x080159d1   Thumb Code     0  dflt_clz.o(x$fpl$dfltu)
    _dfltu                                   0x080159d1   Thumb Code    38  dflt_clz.o(x$fpl$dfltu)
    __aeabi_cdcmple                          0x080159f9   Thumb Code     0  dleqf.o(x$fpl$dleqf)
    _dcmple                                  0x080159f9   Thumb Code   120  dleqf.o(x$fpl$dleqf)
    __fpl_dcmple_InfNaN                      0x08015a5b   Thumb Code     0  dleqf.o(x$fpl$dleqf)
    __aeabi_dmul                             0x08015a71   Thumb Code     0  dmul.o(x$fpl$dmul)
    _dmul                                    0x08015a71   Thumb Code   332  dmul.o(x$fpl$dmul)
    __fpl_dnaninf                            0x08015bc5   Thumb Code   156  dnaninf.o(x$fpl$dnaninf)
    __fpl_dretinf                            0x08015c61   Thumb Code    12  dretinf.o(x$fpl$dretinf)
    __aeabi_cdrcmple                         0x08015c6d   Thumb Code     0  drleqf.o(x$fpl$drleqf)
    _drcmple                                 0x08015c6d   Thumb Code   108  drleqf.o(x$fpl$drleqf)
    __aeabi_drsub                            0x08015cd9   Thumb Code     0  daddsub_clz.o(x$fpl$drsb)
    _drsb                                    0x08015cd9   Thumb Code    22  daddsub_clz.o(x$fpl$drsb)
    _dsqrt                                   0x08015cf1   Thumb Code   404  dsqrt_umaal.o(x$fpl$dsqrt)
    __aeabi_dsub                             0x08015e89   Thumb Code     0  daddsub_clz.o(x$fpl$dsub)
    _dsub                                    0x08015e89   Thumb Code   464  daddsub_clz.o(x$fpl$dsub)
    __aeabi_f2d                              0x0801605d   Thumb Code     0  f2d.o(x$fpl$f2d)
    _f2d                                     0x0801605d   Thumb Code    86  f2d.o(x$fpl$f2d)
    __fpl_fnaninf                            0x080160b3   Thumb Code   140  fnaninf.o(x$fpl$fnaninf)
    _fp_init                                 0x0801613f   Thumb Code    10  fpinit.o(x$fpl$fpinit)
    __fplib_config_fpu_vfp                   0x08016147   Thumb Code     0  fpinit.o(x$fpl$fpinit)
    __fplib_config_pureend_doubles           0x08016147   Thumb Code     0  fpinit.o(x$fpl$fpinit)
    __fpl_fretinf                            0x08016149   Thumb Code    10  fretinf.o(x$fpl$fretinf)
    __fpl_return_NaN                         0x08016153   Thumb Code   100  retnan.o(x$fpl$retnan)
    __ARM_scalbn                             0x080161b7   Thumb Code    92  scalbn.o(x$fpl$scalbn)
    __fpl_cmpreturn                          0x08016213   Thumb Code    48  trapv.o(x$fpl$trapveneer)
    __I$use$fp                               0x08016242   Number         0  usenofp.o(x$fpl$usenofp)
    RcChannelLetters                         0x080162d5   Data           9  ap_flash.o(.constdata)
    LED_GPIO_PINS                            0x080162e0   Data           4  ap_led.o(.constdata)
    LED_GPIO_CLKS                            0x080162e4   Data           8  ap_led.o(.constdata)
    OSCfg_IdleTaskStkBasePtr                 0x080162ec   Data           4  os_cfg_app.o(.constdata)
    OSCfg_IdleTaskStkLimit                   0x080162f0   Data           4  os_cfg_app.o(.constdata)
    OSCfg_IdleTaskStkSize                    0x080162f4   Data           4  os_cfg_app.o(.constdata)
    OSCfg_IdleTaskStkSizeRAM                 0x080162f8   Data           4  os_cfg_app.o(.constdata)
    OSCfg_IntQBasePtr                        0x080162fc   Data           4  os_cfg_app.o(.constdata)
    OSCfg_IntQSize                           0x08016300   Data           2  os_cfg_app.o(.constdata)
    OSCfg_IntQSizeRAM                        0x08016304   Data           4  os_cfg_app.o(.constdata)
    OSCfg_IntQTaskStkBasePtr                 0x08016308   Data           4  os_cfg_app.o(.constdata)
    OSCfg_IntQTaskStkLimit                   0x0801630c   Data           4  os_cfg_app.o(.constdata)
    OSCfg_IntQTaskStkSize                    0x08016310   Data           4  os_cfg_app.o(.constdata)
    OSCfg_IntQTaskStkSizeRAM                 0x08016314   Data           4  os_cfg_app.o(.constdata)
    OSCfg_ISRStkBasePtr                      0x08016318   Data           4  os_cfg_app.o(.constdata)
    OSCfg_ISRStkSize                         0x0801631c   Data           4  os_cfg_app.o(.constdata)
    OSCfg_ISRStkSizeRAM                      0x08016320   Data           4  os_cfg_app.o(.constdata)
    OSCfg_MsgPoolSize                        0x08016324   Data           2  os_cfg_app.o(.constdata)
    OSCfg_MsgPoolSizeRAM                     0x08016328   Data           4  os_cfg_app.o(.constdata)
    OSCfg_MsgPoolBasePtr                     0x0801632c   Data           4  os_cfg_app.o(.constdata)
    OSCfg_StatTaskPrio                       0x08016330   Data           1  os_cfg_app.o(.constdata)
    OSCfg_StatTaskRate_Hz                    0x08016334   Data           4  os_cfg_app.o(.constdata)
    OSCfg_StatTaskStkBasePtr                 0x08016338   Data           4  os_cfg_app.o(.constdata)
    OSCfg_StatTaskStkLimit                   0x0801633c   Data           4  os_cfg_app.o(.constdata)
    OSCfg_StatTaskStkSize                    0x08016340   Data           4  os_cfg_app.o(.constdata)
    OSCfg_StatTaskStkSizeRAM                 0x08016344   Data           4  os_cfg_app.o(.constdata)
    OSCfg_StkSizeMin                         0x08016348   Data           4  os_cfg_app.o(.constdata)
    OSCfg_TickRate_Hz                        0x0801634c   Data           4  os_cfg_app.o(.constdata)
    OSCfg_TickTaskPrio                       0x08016350   Data           1  os_cfg_app.o(.constdata)
    OSCfg_TickTaskStkBasePtr                 0x08016354   Data           4  os_cfg_app.o(.constdata)
    OSCfg_TickTaskStkLimit                   0x08016358   Data           4  os_cfg_app.o(.constdata)
    OSCfg_TickTaskStkSize                    0x0801635c   Data           4  os_cfg_app.o(.constdata)
    OSCfg_TickTaskStkSizeRAM                 0x08016360   Data           4  os_cfg_app.o(.constdata)
    OSCfg_TickWheelSize                      0x08016364   Data           2  os_cfg_app.o(.constdata)
    OSCfg_TickWheelSizeRAM                   0x08016368   Data           4  os_cfg_app.o(.constdata)
    OSCfg_TmrTaskPrio                        0x0801636c   Data           1  os_cfg_app.o(.constdata)
    OSCfg_TmrTaskRate_Hz                     0x08016370   Data           4  os_cfg_app.o(.constdata)
    OSCfg_TmrTaskStkBasePtr                  0x08016374   Data           4  os_cfg_app.o(.constdata)
    OSCfg_TmrTaskStkLimit                    0x08016378   Data           4  os_cfg_app.o(.constdata)
    OSCfg_TmrTaskStkSize                     0x0801637c   Data           4  os_cfg_app.o(.constdata)
    OSCfg_TmrTaskStkSizeRAM                  0x08016380   Data           4  os_cfg_app.o(.constdata)
    OSCfg_TmrWheelSize                       0x08016384   Data           2  os_cfg_app.o(.constdata)
    OSCfg_TmrWheelSizeRAM                    0x08016388   Data           4  os_cfg_app.o(.constdata)
    OSCfg_DataSizeRAM                        0x0801638c   Data           4  os_cfg_app.o(.constdata)
    OSDbg_DbgEn                              0x08016390   Data           2  os_dbg.o(.constdata)
    OSDbg_ArgChkEn                           0x08016392   Data           1  os_dbg.o(.constdata)
    OSDbg_AppHooksEn                         0x08016393   Data           1  os_dbg.o(.constdata)
    OSDbg_EndiannessTest                     0x08016394   Data           4  os_dbg.o(.constdata)
    OSDbg_CalledFromISRChkEn                 0x08016398   Data           1  os_dbg.o(.constdata)
    OSDbg_FlagEn                             0x08016399   Data           1  os_dbg.o(.constdata)
    OSDbg_FlagGrp                            0x0801639c   Data          40  os_dbg.o(.constdata)
    OSDbg_FlagDelEn                          0x080163c4   Data           1  os_dbg.o(.constdata)
    OSDbg_FlagModeClrEn                      0x080163c5   Data           1  os_dbg.o(.constdata)
    OSDbg_FlagPendAbortEn                    0x080163c6   Data           1  os_dbg.o(.constdata)
    OSDbg_FlagGrpSize                        0x080163c8   Data           2  os_dbg.o(.constdata)
    OSDbg_FlagWidth                          0x080163ca   Data           2  os_dbg.o(.constdata)
    OSDbg_IntQ                               0x080163cc   Data           2  os_dbg.o(.constdata)
    OSDbg_ISRPostDeferredEn                  0x080163ce   Data           1  os_dbg.o(.constdata)
    OSDbg_Mem                                0x080163d0   Data          32  os_dbg.o(.constdata)
    OSDbg_MemEn                              0x080163f0   Data           1  os_dbg.o(.constdata)
    OSDbg_MemSize                            0x080163f2   Data           2  os_dbg.o(.constdata)
    OSDbg_MsgEn                              0x080163f4   Data           1  os_dbg.o(.constdata)
    OSDbg_MsgSize                            0x080163f6   Data           2  os_dbg.o(.constdata)
    OSDbg_MsgPoolSize                        0x080163f8   Data           2  os_dbg.o(.constdata)
    OSDbg_MsgQSize                           0x080163fa   Data           2  os_dbg.o(.constdata)
    OSDbg_Mutex                              0x080163fc   Data          44  os_dbg.o(.constdata)
    OSDbg_MutexEn                            0x08016428   Data           1  os_dbg.o(.constdata)
    OSDbg_MutexDelEn                         0x08016429   Data           1  os_dbg.o(.constdata)
    OSDbg_MutexPendAbortEn                   0x0801642a   Data           1  os_dbg.o(.constdata)
    OSDbg_MutexSize                          0x0801642c   Data           2  os_dbg.o(.constdata)
    OSDbg_ObjTypeChkEn                       0x0801642e   Data           1  os_dbg.o(.constdata)
    OSDbg_PendMultiEn                        0x0801642f   Data           1  os_dbg.o(.constdata)
    OSDbg_PendDataSize                       0x08016430   Data           2  os_dbg.o(.constdata)
    OSDbg_PendListSize                       0x08016432   Data           2  os_dbg.o(.constdata)
    OSDbg_PendObjSize                        0x08016434   Data           2  os_dbg.o(.constdata)
    OSDbg_PrioMax                            0x08016436   Data           2  os_dbg.o(.constdata)
    OSDbg_PrioTblSize                        0x08016438   Data           2  os_dbg.o(.constdata)
    OSDbg_PtrSize                            0x0801643a   Data           2  os_dbg.o(.constdata)
    OSDbg_Q                                  0x0801643c   Data          48  os_dbg.o(.constdata)
    OSDbg_QEn                                0x0801646c   Data           1  os_dbg.o(.constdata)
    OSDbg_QDelEn                             0x0801646d   Data           1  os_dbg.o(.constdata)
    OSDbg_QFlushEn                           0x0801646e   Data           1  os_dbg.o(.constdata)
    OSDbg_QPendAbortEn                       0x0801646f   Data           1  os_dbg.o(.constdata)
    OSDbg_QSize                              0x08016470   Data           2  os_dbg.o(.constdata)
    OSDbg_SchedRoundRobinEn                  0x08016472   Data           1  os_dbg.o(.constdata)
    OSDbg_Sem                                0x08016474   Data          40  os_dbg.o(.constdata)
    OSDbg_SemEn                              0x0801649c   Data           1  os_dbg.o(.constdata)
    OSDbg_SemDelEn                           0x0801649d   Data           1  os_dbg.o(.constdata)
    OSDbg_SemPendAbortEn                     0x0801649e   Data           1  os_dbg.o(.constdata)
    OSDbg_SemSetEn                           0x0801649f   Data           1  os_dbg.o(.constdata)
    OSDbg_SemSize                            0x080164a0   Data           2  os_dbg.o(.constdata)
    OSDbg_RdyList                            0x080164a2   Data           2  os_dbg.o(.constdata)
    OSDbg_RdyListSize                        0x080164a4   Data           4  os_dbg.o(.constdata)
    OSDbg_StkWidth                           0x080164a8   Data           1  os_dbg.o(.constdata)
    OSDbg_StatTaskEn                         0x080164a9   Data           1  os_dbg.o(.constdata)
    OSDbg_StatTaskStkChkEn                   0x080164aa   Data           1  os_dbg.o(.constdata)
    OSDbg_TaskChangePrioEn                   0x080164ab   Data           1  os_dbg.o(.constdata)
    OSDbg_TaskDelEn                          0x080164ac   Data           1  os_dbg.o(.constdata)
    OSDbg_TaskQEn                            0x080164ad   Data           1  os_dbg.o(.constdata)
    OSDbg_TaskQPendAbortEn                   0x080164ae   Data           1  os_dbg.o(.constdata)
    OSDbg_TaskProfileEn                      0x080164af   Data           1  os_dbg.o(.constdata)
    OSDbg_TaskRegTblSize                     0x080164b0   Data           2  os_dbg.o(.constdata)
    OSDbg_TaskSemPendAbortEn                 0x080164b2   Data           1  os_dbg.o(.constdata)
    OSDbg_TaskSuspendEn                      0x080164b3   Data           1  os_dbg.o(.constdata)
    OSDbg_TCBSize                            0x080164b4   Data           2  os_dbg.o(.constdata)
    OSDbg_TickSpokeSize                      0x080164b6   Data           2  os_dbg.o(.constdata)
    OSDbg_TimeDlyHMSMEn                      0x080164b8   Data           1  os_dbg.o(.constdata)
    OSDbg_TimeDlyResumeEn                    0x080164b9   Data           1  os_dbg.o(.constdata)
    OSDbg_Tmr                                0x080164bc   Data          52  os_dbg.o(.constdata)
    OSDbg_TmrEn                              0x080164f0   Data           1  os_dbg.o(.constdata)
    OSDbg_TmrDelEn                           0x080164f1   Data           1  os_dbg.o(.constdata)
    OSDbg_TmrSize                            0x080164f2   Data           2  os_dbg.o(.constdata)
    OSDbg_TmrSpokeSize                       0x080164f4   Data           2  os_dbg.o(.constdata)
    OSDbg_VersionNbr                         0x080164f6   Data           2  os_dbg.o(.constdata)
    OSDbg_DataSize                           0x080164f8   Data           4  os_dbg.o(.constdata)
    __mathlib_zero                           0x080165c0   Data           8  qnan.o(.constdata)
    Region$$Table$$Base                      0x080165e8   Number         0  anon$$obj.o(Region$$Table)
    Region$$Table$$Limit                     0x08016608   Number         0  anon$$obj.o(Region$$Table)
    __ctype                                  0x08016615   Data           0  lc_ctype_c.o(locale$$data)
    Diy_Test1                                0x20000000   Data           4  main.o(.data)
    OutTickCount                             0x20000004   Data           4  system.o(.data)
    CycleTime                                0x20000010   Data           2  ap_actuator.o(.data)
    RC_Command                               0x2000003a   Data           8  ap_actuator.o(.data)
    axisPID                                  0x20000048   Data           6  ap_actuator.o(.data)
    HeadFreeModeHold                         0x2000004e   Data           2  ap_actuator.o(.data)
    gyroData                                 0x20000054   Data           6  ap_imu.o(.data)
    angle                                    0x2000005a   Data           4  ap_imu.o(.data)
    acc_25deg                                0x2000005e   Data           2  ap_imu.o(.data)
    accSmooth                                0x20000074   Data           6  ap_imu.o(.data)
    heading                                  0x2000007a   Data           2  ap_imu.o(.data)
    magHold                                  0x2000007c   Data           2  ap_imu.o(.data)
    accZ                                     0x2000007e   Data           2  ap_imu.o(.data)
    CalibratingB                             0x20000090   Data           2  ap_altitude.o(.data)
    errorAltitudeI                           0x20000092   Data           2  ap_altitude.o(.data)
    Sonar_I_Term                             0x20000094   Data           4  ap_altitude.o(.data)
    BaroPID                                  0x20000098   Data           2  ap_altitude.o(.data)
    SonarPID                                 0x2000009a   Data           2  ap_altitude.o(.data)
    AltHold_TakeOff                          0x2000009c   Data           4  ap_altitude.o(.data)
    TakeOff_FirstIn                          0x200000a0   Data           1  ap_altitude.o(.data)
    BaroGroundPressure                       0x200000c8   Data           4  ap_altitude.o(.data)
    EstAlt_Baro                              0x200000cc   Data           4  ap_altitude.o(.data)
    vel                                      0x200000d0   Data           4  ap_altitude.o(.data)
    AltHold_Baro                             0x200000d4   Data           4  ap_altitude.o(.data)
    AltHold_Sonar                            0x200000d8   Data           4  ap_altitude.o(.data)
    Altitude_HoldRcCommand                   0x200000de   Data           2  ap_altitude.o(.data)
    RawRcCommand_Val                         0x200000e0   Data           2  ap_altitude.o(.data)
    MagneticDeclination                      0x200000e4   Data           4  ap_sensor.o(.data)
    acc_1G                                   0x200000e8   Data           2  ap_sensor.o(.data)
    CalibratingA                             0x200000ea   Data           2  ap_sensor.o(.data)
    CalibratingG                             0x200000ec   Data           2  ap_sensor.o(.data)
    gyroADC                                  0x20000122   Data           6  ap_sensor.o(.data)
    accADC                                   0x20000128   Data           6  ap_sensor.o(.data)
    magADC                                   0x2000012e   Data           6  ap_sensor.o(.data)
    Servo_Val                                0x20000136   Data           4  ap_mixer.o(.data)
    debug                                    0x2000014a   Data           8  ap_serial.o(.data)
    vbat                                     0x20000152   Data           1  ap_serial.o(.data)
    DIY_VarCnt                               0x20000156   Data           1  ap_serial.o(.data)
    RC_RawData                               0x20000158   Data          16  ap_rc.o(.data)
    GPS_angle                                0x2000016c   Data           4  ap_gps.o(.data)
    GPS_update                               0x20000170   Data           1  ap_gps.o(.data)
    nav_mode                                 0x20000171   Data           1  ap_gps.o(.data)
    wp                                       0x20000172   Data           1  ap_gps.o(.data)
    NAV_Speed                                0x20000174   Data           2  ap_gps.o(.data)
    AutoHeading                              0x20000176   Data           1  ap_gps.o(.data)
    GPS_Speed_Mode                           0x20000177   Data           1  ap_gps.o(.data)
    actual_speed                             0x20000178   Data           4  ap_gps.o(.data)
    GS_Nav                                   0x200001ac   Data           1  ap_gps.o(.data)
    ReadyForNextWP                           0x200001ad   Data           1  ap_gps.o(.data)
    ReadyToMove                              0x200001ae   Data           1  ap_gps.o(.data)
    GPS_coord                                0x200001b0   Data           8  ap_gps.o(.data)
    GPS_home                                 0x200001b8   Data           8  ap_gps.o(.data)
    GPS_hold                                 0x200001c0   Data           8  ap_gps.o(.data)
    GPS_target_speed                         0x200001c8   Data           8  ap_gps.o(.data)
    GPS_numSat                               0x200001d8   Data           1  ap_gps.o(.data)
    GPS_altitude                             0x200001da   Data           2  ap_gps.o(.data)
    GPS_speed                                0x200001dc   Data           2  ap_gps.o(.data)
    GPS_distanceToHome                       0x200001de   Data           2  ap_gps.o(.data)
    GPS_directionToHome                      0x200001e0   Data           2  ap_gps.o(.data)
    nav                                      0x200001e2   Data           4  ap_gps.o(.data)
    nav_takeoff_bearing                      0x200001f8   Data           2  ap_gps.o(.data)
    nav_rated                                0x200001fc   Data           4  ap_gps.o(.data)
    Rc_LostCnt                               0x2000023e   Data           2  ap_daemon.o(.data)
    Handle_LostCnt                           0x20000240   Data           2  ap_daemon.o(.data)
    LED_FlashBit                             0x20000242   Data           2  ap_daemon.o(.data)
    NotOkToArmBit                            0x20000244   Data           1  ap_daemon.o(.data)
    NeedToWriteFlash                         0x20000245   Data           1  ap_daemon.o(.data)
    OpticalFlow_Altitude                     0x2000024e   Data           2  ap_opticalflow.o(.data)
    OpticalFlow_Angle                        0x20000250   Data           4  ap_opticalflow.o(.data)
    RC_Data                                  0x2000026a   Data          16  ap_easyctrl.o(.data)
    HandAttitude_CtrlAngle                   0x200002a0   Data           4  ap_easyctrl.o(.data)
    OneKey_RollStep                          0x200002a8   Data           1  ap_easyctrl.o(.data)
    VisionLanding_Altitude                   0x200002ae   Data           2  ap_visionlanding.o(.data)
    Vision_ErrorZero_Cal                     0x200002b8   Data           1  ap_visionlanding.o(.data)
    VisionLanding_Angle                      0x200002d4   Data           4  ap_visionlanding.o(.data)
    Avoid_Angle                              0x200002ec   Data           8  ap_avoid.o(.data)
    Usart1_RxDMAPos                          0x200002f8   Data           4  ap_usart.o(.data)
    Usart1_TxBufferTail                      0x200002fc   Data           4  ap_usart.o(.data)
    Usart1_TxBufferHead                      0x20000300   Data           4  ap_usart.o(.data)
    Usart2_RxDMAPos                          0x20000304   Data           2  ap_usart.o(.data)
    Usart3_RxDMAPos                          0x20000306   Data           2  ap_usart.o(.data)
    I2C_ErrorCount                           0x2000030a   Data           2  ap_i2c.o(.data)
    mpuProductID                             0x20000314   Data           1  ap_mpu6050.o(.data)
    BaroTemperature                          0x20000324   Data           4  ap_ms5611.o(.data)
    BaroPressureSum                          0x20000328   Data           4  ap_ms5611.o(.data)
    LED_GPIO_PORTS                           0x2000032c   Data           8  ap_led.o(.data)
    XbeePro_ImportanceInfo                   0x20000344   Data           1  ap_xbeepro.o(.data)
    Xbee_Debug                               0x20000348   Data           6  ap_xbeepro.o(.data)
    EstAlt_Sonar                             0x20000360   Data           4  ap_sonar.o(.data)
    Battery_LowPower                         0x2000036e   Data           1  ap_battery.o(.data)
    Battery_Val                              0x20000370   Data           2  ap_battery.o(.data)
    ADC_ConvertedValue                       0x20000372   Data           2  ap_battery.o(.data)
    SystemCoreClock                          0x20000384   Data           4  system_stm32f4xx.o(.data)
    AHBPrescTable                            0x20000388   Data          16  system_stm32f4xx.o(.data)
    CPU_TS_TmrFreq_Hz                        0x20000398   Data           4  cpu_core.o(.data)
    OS_CPU_ExceptStkBase                     0x2000039c   Data           4  os_cpu_c.o(.data)
    OSPrioTbl                                0x200003a0   Data           8  os_prio.o(.data)
    OS_AppTaskCreateHookPtr                  0x200003a8   Data           4  os_var.o(.data)
    OS_AppTaskDelHookPtr                     0x200003ac   Data           4  os_var.o(.data)
    OS_AppTaskReturnHookPtr                  0x200003b0   Data           4  os_var.o(.data)
    OS_AppIdleTaskHookPtr                    0x200003b4   Data           4  os_var.o(.data)
    OS_AppStatTaskHookPtr                    0x200003b8   Data           4  os_var.o(.data)
    OS_AppTaskSwHookPtr                      0x200003bc   Data           4  os_var.o(.data)
    OS_AppTimeTickHookPtr                    0x200003c0   Data           4  os_var.o(.data)
    OSIdleTaskCtr                            0x200003c4   Data           4  os_var.o(.data)
    OSIntNestingCtr                          0x200003c8   Data           1  os_var.o(.data)
    OSRunning                                0x200003c9   Data           1  os_var.o(.data)
    OSFlagDbgListPtr                         0x200003cc   Data           4  os_var.o(.data)
    OSFlagQty                                0x200003d0   Data           2  os_var.o(.data)
    OSMemDbgListPtr                          0x200003d4   Data           4  os_var.o(.data)
    OSMemQty                                 0x200003d8   Data           2  os_var.o(.data)
    OSMsgPool                                0x200003dc   Data           8  os_var.o(.data)
    OSMutexDbgListPtr                        0x200003e4   Data           4  os_var.o(.data)
    OSMutexQty                               0x200003e8   Data           2  os_var.o(.data)
    OSPrioCur                                0x200003ea   Data           1  os_var.o(.data)
    OSPrioHighRdy                            0x200003eb   Data           1  os_var.o(.data)
    OSPrioSaved                              0x200003ec   Data           1  os_var.o(.data)
    OSQDbgListPtr                            0x200003f0   Data           4  os_var.o(.data)
    OSQQty                                   0x200003f4   Data           2  os_var.o(.data)
    OSSchedLockTimeBegin                     0x200003f8   Data           4  os_var.o(.data)
    OSSchedLockTimeMax                       0x200003fc   Data           4  os_var.o(.data)
    OSSchedLockTimeMaxCur                    0x20000400   Data           4  os_var.o(.data)
    OSSchedLockNestingCtr                    0x20000404   Data           1  os_var.o(.data)
    OSSchedRoundRobinDfltTimeQuanta          0x20000408   Data           4  os_var.o(.data)
    OSSchedRoundRobinEn                      0x2000040c   Data           1  os_var.o(.data)
    OSSemDbgListPtr                          0x20000410   Data           4  os_var.o(.data)
    OSSemQty                                 0x20000414   Data           2  os_var.o(.data)
    OSStatTaskCPUUsage                       0x20000416   Data           1  os_var.o(.data)
    OSStatTaskCtr                            0x20000418   Data           4  os_var.o(.data)
    OSStatTaskCtrMax                         0x2000041c   Data           4  os_var.o(.data)
    OSStatTaskCtrRun                         0x20000420   Data           4  os_var.o(.data)
    OSStatTaskRdy                            0x20000424   Data           1  os_var.o(.data)
    OSStatTaskTimeMax                        0x20000428   Data           4  os_var.o(.data)
    OSStatResetFlag                          0x2000042c   Data           1  os_var.o(.data)
    OSTaskCtxSwCtr                           0x20000430   Data           4  os_var.o(.data)
    OSTaskDbgListPtr                         0x20000434   Data           4  os_var.o(.data)
    OSTaskQty                                0x20000438   Data           2  os_var.o(.data)
    OSTickCtr                                0x2000043c   Data           4  os_var.o(.data)
    OSTickTaskTimeMax                        0x20000440   Data           4  os_var.o(.data)
    OSTmrDbgListPtr                          0x20000444   Data           4  os_var.o(.data)
    OSTmrQty                                 0x20000448   Data           2  os_var.o(.data)
    OSTmrTaskTimeMax                         0x2000044c   Data           4  os_var.o(.data)
    OSTmrTickCtr                             0x20000450   Data           4  os_var.o(.data)
    OSTmrUpdateCnt                           0x20000454   Data           4  os_var.o(.data)
    OSTmrUpdateCtr                           0x20000458   Data           4  os_var.o(.data)
    OSTCBCurPtr                              0x2000045c   Data           4  os_var.o(.data)
    OSTCBHighRdyPtr                          0x20000460   Data           4  os_var.o(.data)
    RC_Options                               0x2000093c   Data          14  ap_actuator.o(.bss)
    accLPFVel                                0x20001ef8   Data          12  ap_imu.o(.bss)
    EstG                                     0x20001f04   Data          12  ap_imu.o(.bss)
    acc                                      0x20002418   Data          12  ap_sensor.o(.bss)
    gyro                                     0x20002424   Data          12  ap_sensor.o(.bss)
    mag                                      0x20002430   Data          12  ap_sensor.o(.bss)
    baro                                     0x2000243c   Data          28  ap_sensor.o(.bss)
    Mutex_I2C2Using                          0x20002458   Data          44  ap_sensor.o(.bss)
    Motor_Val                                0x20002950   Data          12  ap_mixer.o(.bss)
    Mixer_TaskRunFlagGrp                     0x20002e28   Data          40  ap_mixer.o(.bss)
    f                                        0x20002e50   Data          31  ap_serial.o(.bss)
    DIY_Var                                  0x20003378   Data          48  ap_serial.o(.bss)
    Waypoint                                 0x200038c8   Data         168  ap_gps.o(.bss)
    OpticalFlow_TaskRunFlagGrp               0x20004da0   Data          40  ap_opticalflow.o(.bss)
    VisionLanding_TaskRunFlagGrp             0x20005798   Data          40  ap_visionlanding.o(.bss)
    LookupPitchRollRC                        0x20005d00   Data          12  ap_flash.o(.bss)
    LookupThrottleRC                         0x20005d0c   Data          22  ap_flash.o(.bss)
    cfg                                      0x20005d24   Data         212  ap_flash.o(.bss)
    Usart1_RxBuffer                          0x20005df8   Data         255  ap_usart.o(.bss)
    Usart1_TxBuffer                          0x20005ef7   Data         255  ap_usart.o(.bss)
    Usart2_RxBuffer                          0x20005ff6   Data        1024  ap_usart.o(.bss)
    USART3_Rx_Buf                            0x200063f6   Data          30  ap_usart.o(.bss)
    I2C2_TaskRunFlagGrp                      0x20006414   Data          40  ap_i2c.o(.bss)
    UART_Tx_Buf                              0x20006534   Data          30  ap_xbeepro.o(.bss)
    SonarAvoid_Distance                      0x20006574   Data          16  ap_sonaravoid.o(.bss)
    OSCfg_IdleTaskStk                        0x20006594   Data         256  os_cfg_app.o(.bss)
    OSCfg_ISRStk                             0x20006694   Data         512  os_cfg_app.o(.bss)
    OSCfg_MsgPool                            0x20006894   Data        1600  os_cfg_app.o(.bss)
    OSCfg_StatTaskStk                        0x20006ed4   Data         512  os_cfg_app.o(.bss)
    OSCfg_TickTaskStk                        0x200070d4   Data         512  os_cfg_app.o(.bss)
    OSCfg_TickWheel                          0x200072d4   Data         136  os_cfg_app.o(.bss)
    OSCfg_TmrTaskStk                         0x2000735c   Data         512  os_cfg_app.o(.bss)
    OSCfg_TmrWheel                           0x2000755c   Data         136  os_cfg_app.o(.bss)
    OSIdleTaskTCB                            0x200075e8   Data         200  os_var.o(.bss)
    OSRdyList                                0x200076b0   Data         768  os_var.o(.bss)
    OSStatTaskTCB                            0x200079b0   Data         200  os_var.o(.bss)
    OSTickTaskTCB                            0x20007a78   Data         200  os_var.o(.bss)
    OSTmrTaskTCB                             0x20007b40   Data         200  os_var.o(.bss)
    __libspace_start                         0x20007c08   Data          96  libspace.o(.bss)
    __temporary_stack_top$libspace           0x20007c68   Data           0  libspace.o(.bss)



==============================================================================

Memory Map of the image

  Image Entry point : 0x08000189

  Load Region LR_IROM1 (Base: 0x08000000, Size: 0x00016b7c, Max: 0x00100000, ABSOLUTE, COMPRESSED[0x00016778])

    Execution Region ER_IROM1 (Base: 0x08000000, Size: 0x00016718, Max: 0x00100000, ABSOLUTE)

    Base Addr    Size         Type   Attr      Idx    E Section Name        Object

    0x08000000   0x00000188   Data   RO         1733    RESET               startup_stm32f40xx.o
    0x08000188   0x00000008   Code   RO         2171  * !!!main             c_w.l(__main.o)
    0x08000190   0x00000034   Code   RO         2533    !!!scatter          c_w.l(__scatter.o)
    0x080001c4   0x0000005a   Code   RO         2531    !!dczerorl2         c_w.l(__dczerorl2.o)
    0x0800021e   0x00000002   PAD
    0x08000220   0x0000001c   Code   RO         2535    !!handler_zi        c_w.l(__scatter_zi.o)
    0x0800023c   0x00000002   Code   RO         2448    .ARM.Collect$$libinit$$00000000  c_w.l(libinit.o)
    0x0800023e   0x00000004   Code   RO         2386    .ARM.Collect$$libinit$$00000001  c_w.l(libinit2.o)
    0x08000242   0x00000000   Code   RO         2390    .ARM.Collect$$libinit$$00000008  c_w.l(libinit2.o)
    0x08000242   0x00000000   Code   RO         2392    .ARM.Collect$$libinit$$0000000A  c_w.l(libinit2.o)
    0x08000242   0x00000000   Code   RO         2394    .ARM.Collect$$libinit$$0000000C  c_w.l(libinit2.o)
    0x08000242   0x00000006   Code   RO         2395    .ARM.Collect$$libinit$$0000000D  c_w.l(libinit2.o)
    0x08000248   0x00000000   Code   RO         2397    .ARM.Collect$$libinit$$0000000F  c_w.l(libinit2.o)
    0x08000248   0x0000000c   Code   RO         2398    .ARM.Collect$$libinit$$00000010  c_w.l(libinit2.o)
    0x08000254   0x00000000   Code   RO         2399    .ARM.Collect$$libinit$$00000011  c_w.l(libinit2.o)
    0x08000254   0x00000000   Code   RO         2401    .ARM.Collect$$libinit$$00000013  c_w.l(libinit2.o)
    0x08000254   0x00000000   Code   RO         2403    .ARM.Collect$$libinit$$00000015  c_w.l(libinit2.o)
    0x08000254   0x00000000   Code   RO         2405    .ARM.Collect$$libinit$$00000017  c_w.l(libinit2.o)
    0x08000254   0x00000000   Code   RO         2407    .ARM.Collect$$libinit$$00000019  c_w.l(libinit2.o)
    0x08000254   0x00000000   Code   RO         2409    .ARM.Collect$$libinit$$0000001B  c_w.l(libinit2.o)
    0x08000254   0x00000000   Code   RO         2411    .ARM.Collect$$libinit$$0000001D  c_w.l(libinit2.o)
    0x08000254   0x00000000   Code   RO         2413    .ARM.Collect$$libinit$$0000001F  c_w.l(libinit2.o)
    0x08000254   0x00000000   Code   RO         2415    .ARM.Collect$$libinit$$00000021  c_w.l(libinit2.o)
    0x08000254   0x00000000   Code   RO         2417    .ARM.Collect$$libinit$$00000023  c_w.l(libinit2.o)
    0x08000254   0x00000000   Code   RO         2421    .ARM.Collect$$libinit$$0000002A  c_w.l(libinit2.o)
    0x08000254   0x00000000   Code   RO         2423    .ARM.Collect$$libinit$$0000002C  c_w.l(libinit2.o)
    0x08000254   0x00000000   Code   RO         2425    .ARM.Collect$$libinit$$0000002E  c_w.l(libinit2.o)
    0x08000254   0x00000000   Code   RO         2427    .ARM.Collect$$libinit$$00000030  c_w.l(libinit2.o)
    0x08000254   0x00000002   Code   RO         2428    .ARM.Collect$$libinit$$00000031  c_w.l(libinit2.o)
    0x08000256   0x00000002   Code   RO         2499    .ARM.Collect$$libshutdown$$00000000  c_w.l(libshutdown.o)
    0x08000258   0x00000000   Code   RO         2516    .ARM.Collect$$libshutdown$$00000003  c_w.l(libshutdown2.o)
    0x08000258   0x00000000   Code   RO         2519    .ARM.Collect$$libshutdown$$00000006  c_w.l(libshutdown2.o)
    0x08000258   0x00000000   Code   RO         2522    .ARM.Collect$$libshutdown$$00000009  c_w.l(libshutdown2.o)
    0x08000258   0x00000000   Code   RO         2524    .ARM.Collect$$libshutdown$$0000000B  c_w.l(libshutdown2.o)
    0x08000258   0x00000000   Code   RO         2527    .ARM.Collect$$libshutdown$$0000000E  c_w.l(libshutdown2.o)
    0x08000258   0x00000002   Code   RO         2528    .ARM.Collect$$libshutdown$$0000000F  c_w.l(libshutdown2.o)
    0x0800025a   0x00000000   Code   RO         2303    .ARM.Collect$$rtentry$$00000000  c_w.l(rtentry.o)
    0x0800025a   0x00000000   Code   RO         2363    .ARM.Collect$$rtentry$$00000002  c_w.l(rtentry2.o)
    0x0800025a   0x00000006   Code   RO         2375    .ARM.Collect$$rtentry$$00000004  c_w.l(rtentry4.o)
    0x08000260   0x00000000   Code   RO         2365    .ARM.Collect$$rtentry$$00000009  c_w.l(rtentry2.o)
    0x08000260   0x00000004   Code   RO         2366    .ARM.Collect$$rtentry$$0000000A  c_w.l(rtentry2.o)
    0x08000264   0x00000000   Code   RO         2368    .ARM.Collect$$rtentry$$0000000C  c_w.l(rtentry2.o)
    0x08000264   0x00000008   Code   RO         2369    .ARM.Collect$$rtentry$$0000000D  c_w.l(rtentry2.o)
    0x0800026c   0x00000002   Code   RO         2453    .ARM.Collect$$rtexit$$00000000  c_w.l(rtexit.o)
    0x0800026e   0x00000000   Code   RO         2472    .ARM.Collect$$rtexit$$00000002  c_w.l(rtexit2.o)
    0x0800026e   0x00000004   Code   RO         2473    .ARM.Collect$$rtexit$$00000003  c_w.l(rtexit2.o)
    0x08000272   0x00000006   Code   RO         2474    .ARM.Collect$$rtexit$$00000004  c_w.l(rtexit2.o)
    0x08000278   0x00000110   Code   RO            3    .text               main.o
    0x08000388   0x00000040   Code   RO          325    .text               stm32f4xx_it.o
    0x080003c8   0x00000074   Code   RO          352    .text               system.o
    0x0800043c   0x000010f0   Code   RO          378    .text               ap_actuator.o
    0x0800152c   0x0000078c   Code   RO          405    .text               ap_imu.o
    0x08001cb8   0x00000cb0   Code   RO          432    .text               ap_altitude.o
    0x08002968   0x00000830   Code   RO          459    .text               ap_sensor.o
    0x08003198   0x0000067c   Code   RO          493    .text               ap_mixer.o
    0x08003814   0x00000cc8   Code   RO          520    .text               ap_serial.o
    0x080044dc   0x00000464   Code   RO          548    .text               ap_rc.o
    0x08004940   0x0000139c   Code   RO          575    .text               ap_gps.o
    0x08005cdc   0x00000074   Code   RO          607    .text               ap_telemetry.o
    0x08005d50   0x00000390   Code   RO          632    .text               ap_daemon.o
    0x080060e0   0x0000054c   Code   RO          659    .text               ap_opticalflow.o
    0x0800662c   0x00000818   Code   RO          686    .text               ap_easyctrl.o
    0x08006e44   0x00000738   Code   RO          713    .text               ap_visionlanding.o
    0x0800757c   0x00000354   Code   RO          740    .text               ap_avoid.o
    0x080078d0   0x00000140   Code   RO          767    .text               ap_pid.o
    0x08007a10   0x000004cc   Code   RO          790    .text               ap_flash.o
    0x08007edc   0x000005f4   Code   RO          818    .text               ap_usart.o
    0x080084d0   0x0000060c   Code   RO          847    .text               ap_i2c.o
    0x08008adc   0x0000020c   Code   RO          874    .text               ap_mpu6050.o
    0x08008ce8   0x000000f8   Code   RO          900    .text               ap_hmc5883.o
    0x08008de0   0x0000034c   Code   RO          923    .text               ap_ms5611.o
    0x0800912c   0x00000098   Code   RO          950    .text               ap_led.o
    0x080091c4   0x0000059c   Code   RO          977    .text               ap_pwm.o
    0x08009760   0x00000ac4   Code   RO         1003    .text               ap_xbeepro.o
    0x0800a224   0x000001e0   Code   RO         1031    .text               ap_sonar.o
    0x0800a404   0x00000268   Code   RO         1057    .text               ap_sonaravoid.o
    0x0800a66c   0x0000013c   Code   RO         1084    .text               ap_battery.o
    0x0800a7a8   0x000000e4   Code   RO         1111    .text               misc.o
    0x0800a88c   0x00000470   Code   RO         1131    .text               stm32f4xx_adc.o
    0x0800acfc   0x000003a4   Code   RO         1331    .text               stm32f4xx_dma.o
    0x0800b0a0   0x0000011c   Code   RO         1351    .text               stm32f4xx_exti.o
    0x0800b1bc   0x000004b4   Code   RO         1371    .text               stm32f4xx_flash.o
    0x0800b670   0x0000025c   Code   RO         1411    .text               stm32f4xx_gpio.o
    0x0800b8cc   0x00000456   Code   RO         1491    .text               stm32f4xx_i2c.o
    0x0800bd22   0x00000002   PAD
    0x0800bd24   0x00000598   Code   RO         1551    .text               stm32f4xx_rcc.o
    0x0800c2bc   0x0000008c   Code   RO         1653    .text               stm32f4xx_syscfg.o
    0x0800c348   0x00000ca2   Code   RO         1673    .text               stm32f4xx_tim.o
    0x0800cfea   0x00000002   PAD
    0x0800cfec   0x00000454   Code   RO         1693    .text               stm32f4xx_usart.o
    0x0800d440   0x00000040   Code   RO         1734    .text               startup_stm32f40xx.o
    0x0800d480   0x0000020c   Code   RO         1740    .text               system_stm32f4xx.o
    0x0800d68c   0x00000064   Code   RO         1766    .text               bsp.o
    0x0800d6f0   0x00000050   Code   RO         1802    .text               cpu_core.o
    0x0800d740   0x00000034   Code   RO         1820    .text               cpu_a.o
    0x0800d774   0x000000cc   Code   RO         1907    .text               os_cpu_a.o
    0x0800d840   0x00000408   Code   RO         1910    .text               os_cpu_c.o
    0x0800dc48   0x000000d0   Code   RO         1929    .text               os_cfg_app.o
    0x0800dd18   0x00000d94   Code   RO         1949    .text               os_core.o
    0x0800eaac   0x000001a8   Code   RO         1961    .text               os_dbg.o
    0x0800ec54   0x00000a64   Code   RO         1976    .text               os_flag.o
    0x0800f6b8   0x000001fc   Code   RO         1994    .text               os_mem.o
    0x0800f8b4   0x00000274   Code   RO         2006    .text               os_msg.o
    0x0800fb28   0x00000740   Code   RO         2018    .text               os_mutex.o
    0x08010268   0x0000007c   Code   RO         2042    .text               os_prio.o
    0x080102e4   0x00000660   Code   RO         2061    .text               os_q.o
    0x08010944   0x00000690   Code   RO         2073    .text               os_sem.o
    0x08010fd4   0x000003e8   Code   RO         2085    .text               os_stat.o
    0x080113bc   0x000011c8   Code   RO         2097    .text               os_task.o
    0x08012584   0x00000468   Code   RO         2109    .text               os_tick.o
    0x080129ec   0x00000440   Code   RO         2121    .text               os_time.o
    0x08012e2c   0x000007dc   Code   RO         2133    .text               os_tmr.o
    0x08013608   0x00000010   Code   RO         2161    .text               c_w.l(rt_ctype_table.o)
    0x08013618   0x000000ee   Code   RO         2163    .text               c_w.l(lludivv7m.o)
    0x08013706   0x00000014   Code   RO         2165    .text               c_w.l(strchr.o)
    0x0801371a   0x00000064   Code   RO         2167    .text               c_w.l(rt_memcpy_w.o)
    0x0801377e   0x00000006   Code   RO         2169    .text               c_w.l(heapauxi.o)
    0x08013784   0x00000008   Code   RO         2311    .text               c_w.l(rt_locale_intlibspace.o)
    0x0801378c   0x00000016   Code   RO         2313    .text               c_w.l(_rserrno.o)
    0x080137a2   0x00000002   PAD
    0x080137a4   0x00000008   Code   RO         2359    .text               c_w.l(libspace.o)
    0x080137ac   0x00000008   Code   RO         2382    .text               c_w.l(rt_errno_addr_intlibspace.o)
    0x080137b4   0x00000080   Code   RO         2384    .text               c_w.l(strcmpv7m.o)
    0x08013834   0x0000004a   Code   RO         2433    .text               c_w.l(sys_stackheap_outer.o)
    0x0801387e   0x0000000c   Code   RO         2435    .text               c_w.l(exit.o)
    0x0801388a   0x00000002   PAD
    0x0801388c   0x0000000c   Code   RO         2469    .text               c_w.l(sys_exit.o)
    0x08013898   0x00000002   Code   RO         2490    .text               c_w.l(use_no_semi.o)
    0x0801389a   0x00000000   Code   RO         2492    .text               c_w.l(indicate_semi.o)
    0x0801389a   0x00000030   Code   RO         2347    i.__ARM_fpclassify  m_wm.l(fpclassify.o)
    0x080138ca   0x00000026   Code   RO         2349    i.__ARM_fpclassifyf  m_wm.l(fpclassifyf.o)
    0x080138f0   0x00000248   Code   RO         2203    i.__hardfp_atan2f   m_wm.l(atan2f.o)
    0x08013b38   0x0000015c   Code   RO         2215    i.__hardfp_cosf     m_wm.l(cosf.o)
    0x08013c94   0x00000004   PAD
    0x08013c98   0x000003e4   Code   RO         2227    i.__hardfp_log      m_wm.l(log.o)
    0x0801407c   0x00000004   PAD
    0x08014080   0x00000c90   Code   RO         2241    i.__hardfp_pow      m_wm.l(pow.o)
    0x08014d10   0x00000178   Code   RO         2255    i.__hardfp_sinf     m_wm.l(sinf.o)
    0x08014e88   0x0000007a   Code   RO         2267    i.__hardfp_sqrt     m_wm.l(sqrt.o)
    0x08014f02   0x0000003a   Code   RO         2279    i.__hardfp_sqrtf    m_wm.l(sqrtf.o)
    0x08014f3c   0x00000168   Code   RO         2291    i.__hardfp_tanf     m_wm.l(tanf.o)
    0x080150a4   0x000000f8   Code   RO         2353    i.__kernel_poly     m_wm.l(poly.o)
    0x0801519c   0x00000004   PAD
    0x080151a0   0x00000020   Code   RO         2339    i.__mathlib_dbl_underflow  m_wm.l(dunder.o)
    0x080151c0   0x00000010   Code   RO         2351    i.__mathlib_flt_underflow  m_wm.l(funder.o)
    0x080151d0   0x00000140   Code   RO         2356    i.__mathlib_rredf2  m_wm.l(rredf.o)
    0x08015310   0x00000020   Code   RO         2343    i.fabs              m_wm.l(fabs.o)
    0x08015330   0x0000006e   Code   RO         2269    i.sqrt              m_wm.l(sqrt.o)
    0x0801539e   0x00000002   PAD
    0x080153a0   0x0000002c   Code   RO         2316    locale$$code        c_w.l(lc_ctype_c.o)
    0x080153cc   0x00000018   Code   RO         2318    x$fpl$basic         fz_wm.l(basic.o)
    0x080153e4   0x00000062   Code   RO         2173    x$fpl$d2f           fz_wm.l(d2f.o)
    0x08015446   0x00000002   PAD
    0x08015448   0x00000150   Code   RO         2175    x$fpl$dadd          fz_wm.l(daddsub_clz.o)
    0x08015598   0x00000010   Code   RO         2429    x$fpl$dcheck1       fz_wm.l(dcheck1.o)
    0x080155a8   0x00000018   Code   RO         2431    x$fpl$dcmpinf       fz_wm.l(dcmpi.o)
    0x080155c0   0x000002b0   Code   RO         2182    x$fpl$ddiv          fz_wm.l(ddiv.o)
    0x08015870   0x00000078   Code   RO         2320    x$fpl$deqf          fz_wm.l(deqf.o)
    0x080158e8   0x0000005e   Code   RO         2185    x$fpl$dfix          fz_wm.l(dfix.o)
    0x08015946   0x00000002   PAD
    0x08015948   0x0000005a   Code   RO         2189    x$fpl$dfixu         fz_wm.l(dfixu.o)
    0x080159a2   0x0000002e   Code   RO         2194    x$fpl$dflt          fz_wm.l(dflt_clz.o)
    0x080159d0   0x00000026   Code   RO         2193    x$fpl$dfltu         fz_wm.l(dflt_clz.o)
    0x080159f6   0x00000002   PAD
    0x080159f8   0x00000078   Code   RO         2322    x$fpl$dleqf         fz_wm.l(dleqf.o)
    0x08015a70   0x00000154   Code   RO         2199    x$fpl$dmul          fz_wm.l(dmul.o)
    0x08015bc4   0x0000009c   Code   RO         2324    x$fpl$dnaninf       fz_wm.l(dnaninf.o)
    0x08015c60   0x0000000c   Code   RO         2326    x$fpl$dretinf       fz_wm.l(dretinf.o)
    0x08015c6c   0x0000006c   Code   RO         2328    x$fpl$drleqf        fz_wm.l(drleqf.o)
    0x08015cd8   0x00000016   Code   RO         2176    x$fpl$drsb          fz_wm.l(daddsub_clz.o)
    0x08015cee   0x00000002   PAD
    0x08015cf0   0x00000198   Code   RO         2330    x$fpl$dsqrt         fz_wm.l(dsqrt_umaal.o)
    0x08015e88   0x000001d4   Code   RO         2177    x$fpl$dsub          fz_wm.l(daddsub_clz.o)
    0x0801605c   0x00000056   Code   RO         2201    x$fpl$f2d           fz_wm.l(f2d.o)
    0x080160b2   0x0000008c   Code   RO         2332    x$fpl$fnaninf       fz_wm.l(fnaninf.o)
    0x0801613e   0x0000000a   Code   RO         2449    x$fpl$fpinit        fz_wm.l(fpinit.o)
    0x08016148   0x0000000a   Code   RO         2334    x$fpl$fretinf       fz_wm.l(fretinf.o)
    0x08016152   0x00000064   Code   RO         2451    x$fpl$retnan        fz_wm.l(retnan.o)
    0x080161b6   0x0000005c   Code   RO         2336    x$fpl$scalbn        fz_wm.l(scalbn.o)
    0x08016212   0x00000030   Code   RO         2465    x$fpl$trapveneer    fz_wm.l(trapv.o)
    0x08016242   0x00000000   Code   RO         2338    x$fpl$usenofp       fz_wm.l(usenofp.o)
    0x08016242   0x00000093   Data   RO          522    .constdata          ap_serial.o
    0x080162d5   0x00000009   Data   RO          792    .constdata          ap_flash.o
    0x080162de   0x00000002   PAD
    0x080162e0   0x0000000c   Data   RO          951    .constdata          ap_led.o
    0x080162ec   0x000000a4   Data   RO         1931    .constdata          os_cfg_app.o
    0x08016390   0x0000016c   Data   RO         1962    .constdata          os_dbg.o
    0x080164fc   0x00000004   PAD
    0x08016500   0x00000038   Data   RO         2230    .constdata          m_wm.l(log.o)
    0x08016538   0x00000088   Data   RO         2244    .constdata          m_wm.l(pow.o)
    0x080165c0   0x00000008   Data   RO         2355    .constdata          m_wm.l(qnan.o)
    0x080165c8   0x00000020   Data   RO         2357    .constdata          m_wm.l(rredf.o)
    0x080165e8   0x00000020   Data   RO         2529    Region$$Table       anon$$obj.o
    0x08016608   0x00000110   Data   RO         2315    locale$$data        c_w.l(lc_ctype_c.o)


    Execution Region RW_IRAM1 (Base: 0x20000000, Size: 0x00008268, Max: 0x00020000, ABSOLUTE, COMPRESSED[0x00000060])

    Base Addr    Size         Type   Attr      Idx    E Section Name        Object

    0x20000000   0x00000004   Data   RW            5    .data               main.o
    0x20000004   0x00000004   Data   RW          353    .data               system.o
    0x20000008   0x0000004a   Data   RW          380    .data               ap_actuator.o
    0x20000052   0x00000002   PAD
    0x20000054   0x0000003c   Data   RW          407    .data               ap_imu.o
    0x20000090   0x00000052   Data   RW          434    .data               ap_altitude.o
    0x200000e2   0x00000002   PAD
    0x200000e4   0x00000050   Data   RW          461    .data               ap_sensor.o
    0x20000134   0x00000010   Data   RW          495    .data               ap_mixer.o
    0x20000144   0x00000013   Data   RW          523    .data               ap_serial.o
    0x20000157   0x00000001   PAD
    0x20000158   0x00000012   Data   RW          550    .data               ap_rc.o
    0x2000016a   0x00000002   PAD
    0x2000016c   0x000000d0   Data   RW          577    .data               ap_gps.o
    0x2000023c   0x0000000a   Data   RW          634    .data               ap_daemon.o
    0x20000246   0x00000002   PAD
    0x20000248   0x0000001b   Data   RW          661    .data               ap_opticalflow.o
    0x20000263   0x00000005   PAD
    0x20000268   0x00000041   Data   RW          688    .data               ap_easyctrl.o
    0x200002a9   0x00000003   PAD
    0x200002ac   0x00000030   Data   RW          715    .data               ap_visionlanding.o
    0x200002dc   0x00000018   Data   RW          742    .data               ap_avoid.o
    0x200002f4   0x00000004   Data   RW          793    .data               ap_flash.o
    0x200002f8   0x00000010   Data   RW          820    .data               ap_usart.o
    0x20000308   0x0000000c   Data   RW          849    .data               ap_i2c.o
    0x20000314   0x00000001   Data   RW          875    .data               ap_mpu6050.o
    0x20000315   0x00000003   PAD
    0x20000318   0x00000014   Data   RW          925    .data               ap_ms5611.o
    0x2000032c   0x00000008   Data   RW          952    .data               ap_led.o
    0x20000334   0x00000010   Data   RW          979    .data               ap_pwm.o
    0x20000344   0x0000000a   Data   RW         1005    .data               ap_xbeepro.o
    0x2000034e   0x00000002   PAD
    0x20000350   0x00000016   Data   RW         1032    .data               ap_sonar.o
    0x20000366   0x00000008   Data   RW         1059    .data               ap_sonaravoid.o
    0x2000036e   0x00000006   Data   RW         1086    .data               ap_battery.o
    0x20000374   0x00000010   Data   RW         1552    .data               stm32f4xx_rcc.o
    0x20000384   0x00000014   Data   RW         1741    .data               system_stm32f4xx.o
    0x20000398   0x00000004   Data   RW         1803    .data               cpu_core.o
    0x2000039c   0x00000004   Data   RW         1911    .data               os_cpu_c.o
    0x200003a0   0x00000008   Data   RW         2043    .data               os_prio.o
    0x200003a8   0x000000bc   Data   RW         2146    .data               os_var.o
    0x20000464   0x00000004   PAD
    0x20000468   0x000004c8   Zero   RW            4    .bss                main.o
    0x20000930   0x000010e8   Zero   RW          379    .bss                ap_actuator.o
    0x20001a18   0x000004f8   Zero   RW          406    .bss                ap_imu.o
    0x20001f10   0x000004f0   Zero   RW          433    .bss                ap_altitude.o
    0x20002400   0x00000550   Zero   RW          460    .bss                ap_sensor.o
    0x20002950   0x00000500   Zero   RW          494    .bss                ap_mixer.o
    0x20002e50   0x00000558   Zero   RW          521    .bss                ap_serial.o
    0x200033a8   0x00000510   Zero   RW          549    .bss                ap_rc.o
    0x200038b8   0x00000678   Zero   RW          576    .bss                ap_gps.o
    0x20003f30   0x000004c8   Zero   RW          608    .bss                ap_telemetry.o
    0x200043f8   0x000004c8   Zero   RW          633    .bss                ap_daemon.o
    0x200048c0   0x00000508   Zero   RW          660    .bss                ap_opticalflow.o
    0x20004dc8   0x000004c8   Zero   RW          687    .bss                ap_easyctrl.o
    0x20005290   0x00000530   Zero   RW          714    .bss                ap_visionlanding.o
    0x200057c0   0x00000540   Zero   RW          741    .bss                ap_avoid.o
    0x20005d00   0x000000f8   Zero   RW          791    .bss                ap_flash.o
    0x20005df8   0x0000061c   Zero   RW          819    .bss                ap_usart.o
    0x20006414   0x00000028   Zero   RW          848    .bss                ap_i2c.o
    0x2000643c   0x00000064   Zero   RW          924    .bss                ap_ms5611.o
    0x200064a0   0x00000044   Zero   RW          978    .bss                ap_pwm.o
    0x200064e4   0x0000006e   Zero   RW         1004    .bss                ap_xbeepro.o
    0x20006552   0x00000002   PAD
    0x20006554   0x00000030   Zero   RW         1058    .bss                ap_sonaravoid.o
    0x20006584   0x00000010   Zero   RW         1085    .bss                ap_battery.o
    0x20006594   0x00001050   Zero   RW         1930    .bss                os_cfg_app.o
    0x200075e4   0x00000004   PAD
    0x200075e8   0x00000620   Zero   RW         2145    .bss                os_var.o
    0x20007c08   0x00000060   Zero   RW         2360    .bss                c_w.l(libspace.o)
    0x20007c68   0x00000200   Zero   RW         1732    HEAP                startup_stm32f40xx.o
    0x20007e68   0x00000400   Zero   RW         1731    STACK               startup_stm32f40xx.o


==============================================================================

Image component sizes


      Code (inc. data)   RO Data    RW Data    ZI Data      Debug   Object Name

      4336        430          0         74       4328       4963   ap_actuator.o
      3248        364          0         82       1264       4974   ap_altitude.o
       852        106          0         24       1344       2095   ap_avoid.o
       316         40          0          6         16       1866   ap_battery.o
       912         76          0         10       1224       2402   ap_daemon.o
      2072        202          0         65       1224       3123   ap_easyctrl.o
      1228         44          9          4        248       5990   ap_flash.o
      5020        580          0        208       1656      12239   ap_gps.o
       248          8          0          0          0       2099   ap_hmc5883.o
      1548         84          0         12         40       3823   ap_i2c.o
      1932        178          0         60       1272       4456   ap_imu.o
       152         14         12          8          0       2110   ap_led.o
      1660        126          0         16       1280       2541   ap_mixer.o
       524         32          0          1          0       5428   ap_mpu6050.o
       844         56          0         20        100       3754   ap_ms5611.o
      1356        160          0         27       1288       3823   ap_opticalflow.o
       320         10          0          0          0       2880   ap_pid.o
      1436         66          0         16         68       3391   ap_pwm.o
      1124         78          0         18       1296       2051   ap_rc.o
      2096        202          0         80       1360       4097   ap_sensor.o
      3272        280        147         19       1368       6525   ap_serial.o
       480         44          0         22          0       1472   ap_sonar.o
       616         26          0          8         48       2095   ap_sonaravoid.o
       116         34          0          0       1224       1229   ap_telemetry.o
      1524         84          0         16       1564       4747   ap_usart.o
      1848        240          0         48       1328       3413   ap_visionlanding.o
      2756        194          0         10        110       4004   ap_xbeepro.o
       100          4          0          0          0        931   bsp.o
        52          0          0          0          0        240   cpu_a.o
        80          4          0          4          0       3243   cpu_core.o
       272         56          0          4       1224     364322   main.o
       228         22          0          0          0       1981   misc.o
         0          0          0          0          0      16684   os_app_hooks.o
       208        136        164          0       4176      18727   os_cfg_app.o
      3476        256          0          0          0      11927   os_core.o
       204         32          0          0          0        304   os_cpu_a.o
      1032         70          0          4          0       3840   os_cpu_c.o
       424        280        364          0          0       4659   os_dbg.o
      2660         80          0          0          0       7383   os_flag.o
       508         18          0          0          0       2712   os_mem.o
       628         12          0          0          0       3327   os_msg.o
      1856         84          0          0          0       5082   os_mutex.o
       124          4          0          8          0       1852   os_prio.o
      1632         60          0          0          0       5908   os_q.o
      1680         58          0          0          0       5944   os_sem.o
      1000        102          0          0          0       2289   os_stat.o
      4552        184          0          0          0      11518   os_task.o
      1128         70          0          0          0       3269   os_tick.o
      1088         54          0          0          0       3009   os_time.o
      2012        134          0          0          0       6250   os_tmr.o
         0          0          0        188       1568      17182   os_var.o
        64         26        392          0       1536        916   startup_stm32f40xx.o
      1136         28          0          0          0      10658   stm32f4xx_adc.o
       932         32          0          0          0       6457   stm32f4xx_dma.o
       284         10          0          0          0       2459   stm32f4xx_exti.o
      1204         26          0          0          0       7446   stm32f4xx_flash.o
       604         36          0          0          0       4221   stm32f4xx_gpio.o
      1110         26          0          0          0       8707   stm32f4xx_i2c.o
        64          6          0          0          0       1199   stm32f4xx_it.o
      1432         54          0         16          0      11448   stm32f4xx_rcc.o
       140         12          0          0          0       1747   stm32f4xx_syscfg.o
      3234         60          0          0          0      22464   stm32f4xx_tim.o
      1108         34          0          0          0       7960   stm32f4xx_usart.o
       116          8          0          4          0       1406   system.o
       524         44          0         20          0       2111   system_stm32f4xx.o

    ----------------------------------------------------------------------
     78736       5880       1126       1124      32164     693372   Object Totals
         0          0         32          0          0          0   (incl. Generated)
         4          0          6         22         10          0   (incl. Padding)

    ----------------------------------------------------------------------

      Code (inc. data)   RO Data    RW Data    ZI Data      Debug   Library Member Name

        90          0          0          0          0          0   __dczerorl2.o
         8          0          0          0          0         68   __main.o
        52          8          0          0          0          0   __scatter.o
        28          0          0          0          0          0   __scatter_zi.o
        22          0          0          0          0        100   _rserrno.o
        12          0          0          0          0         72   exit.o
         6          0          0          0          0        152   heapauxi.o
         0          0          0          0          0          0   indicate_semi.o
        44         10        272          0          0         76   lc_ctype_c.o
         2          0          0          0          0          0   libinit.o
        24          0          0          0          0          0   libinit2.o
         2          0          0          0          0          0   libshutdown.o
         2          0          0          0          0          0   libshutdown2.o
         8          4          0          0         96         68   libspace.o
       238          0          0          0          0        100   lludivv7m.o
        16          4          0          0          0         76   rt_ctype_table.o
         8          4          0          0          0         68   rt_errno_addr_intlibspace.o
         8          4          0          0          0         68   rt_locale_intlibspace.o
       100          0          0          0          0         80   rt_memcpy_w.o
         0          0          0          0          0          0   rtentry.o
        12          0          0          0          0          0   rtentry2.o
         6          0          0          0          0          0   rtentry4.o
         2          0          0          0          0          0   rtexit.o
        10          0          0          0          0          0   rtexit2.o
        20          0          0          0          0         68   strchr.o
       128          0          0          0          0         68   strcmpv7m.o
        12          4          0          0          0         68   sys_exit.o
        74          0          0          0          0         80   sys_stackheap_outer.o
         2          0          0          0          0         68   use_no_semi.o
        24          0          0          0          0        164   basic.o
        98          4          0          0          0        140   d2f.o
       826         16          0          0          0        492   daddsub_clz.o
        16          4          0          0          0        116   dcheck1.o
        24          0          0          0          0        116   dcmpi.o
       688        140          0          0          0        256   ddiv.o
       120          4          0          0          0        140   deqf.o
        94          4          0          0          0        140   dfix.o
        90          4          0          0          0        140   dfixu.o
        84          0          0          0          0        232   dflt_clz.o
       120          4          0          0          0        140   dleqf.o
       340         12          0          0          0        152   dmul.o
       156          4          0          0          0        140   dnaninf.o
        12          0          0          0          0        116   dretinf.o
       108          0          0          0          0        128   drleqf.o
       408         56          0          0          0        168   dsqrt_umaal.o
        86          4          0          0          0        132   f2d.o
       140          4          0          0          0        132   fnaninf.o
        10          0          0          0          0        116   fpinit.o
        10          0          0          0          0        116   fretinf.o
       100          0          0          0          0        116   retnan.o
        92          0          0          0          0        116   scalbn.o
        48          0          0          0          0        116   trapv.o
         0          0          0          0          0          0   usenofp.o
       584         98          0          0          0        176   atan2f.o
       348         66          0          0          0        124   cosf.o
        32          8          0          0          0        124   dunder.o
        32          0          0          0          0        124   fabs.o
        48          0          0          0          0        124   fpclassify.o
        38          0          0          0          0        116   fpclassifyf.o
        16          6          0          0          0        116   funder.o
       996        108         56          0          0        232   log.o
       248          0          0          0          0        152   poly.o
      3216        310        136          0          0        216   pow.o
         0          0          8          0          0          0   qnan.o
       320         24         32          0          0        160   rredf.o
       376         62          0          0          0        156   sinf.o
       232          0          0          0          0        296   sqrt.o
        58          0          0          0          0        136   sqrtf.o
       360         60          0          0          0        156   tanf.o

    ----------------------------------------------------------------------
     11562       1048        504          0         96       7312   Library Totals
        28          8          0          0          0          0   (incl. Padding)

    ----------------------------------------------------------------------

      Code (inc. data)   RO Data    RW Data    ZI Data      Debug   Library Name

       936         38        272          0         96       1280   c_w.l
      3694        260          0          0          0       3624   fz_wm.l
      6904        742        232          0          0       2408   m_wm.l

    ----------------------------------------------------------------------
     11562       1048        504          0         96       7312   Library Totals

    ----------------------------------------------------------------------

==============================================================================


      Code (inc. data)   RO Data    RW Data    ZI Data      Debug   

     90298       6928       1630       1124      32260     682256   Grand Totals
     90298       6928       1630         96      32260     682256   ELF Image Totals (compressed)
     90298       6928       1630         96          0          0   ROM Totals

==============================================================================

    Total RO  Size (Code + RO Data)                91928 (  89.77kB)
    Total RW  Size (RW Data + ZI Data)             33384 (  32.60kB)
    Total ROM Size (Code + RO Data + RW Data)      92024 (  89.87kB)

==============================================================================

